Flow report for mono_multi_cycle
Sun Jun 14 21:19:19 2026
Quartus Prime Version 18.1.0 Build 625 09/12/2018 SJ Lite Edition


---------------------
; Table of Contents ;
---------------------
  1. Legal Notice
  2. Flow Summary
  3. Flow Settings
  4. Flow Non-Default Global Settings
  5. Flow Elapsed Time
  6. Flow OS Summary
  7. Flow Log
  8. Flow Messages
  9. Flow Suppressed Messages



----------------
; Legal Notice ;
----------------
Copyright (C) 2018  Intel Corporation. All rights reserved.
Your use of Intel Corporation's design tools, logic functions 
and other software and tools, and its AMPP partner logic 
functions, and any output files from any of the foregoing 
(including device programming or simulation files), and any 
associated documentation or information are expressly subject 
to the terms and conditions of the Intel Program License 
Subscription Agreement, the Intel Quartus Prime License Agreement,
the Intel FPGA IP License Agreement, or other applicable license
agreement, including, without limitation, that your use is for
the sole purpose of programming logic devices manufactured by
Intel and sold by Intel or its authorized distributors.  Please
refer to the applicable agreement for further details.



+----------------------------------------------------------------------------------+
; Flow Summary                                                                     ;
+------------------------------------+---------------------------------------------+
; Flow Status                        ; Successful - Sun Jun 14 21:19:03 2026       ;
; Quartus Prime Version              ; 18.1.0 Build 625 09/12/2018 SJ Lite Edition ;
; Revision Name                      ; mono_multi_cycle                            ;
; Top-level Entity Name              ; proc_mono_cycle                             ;
; Family                             ; MAX 10                                      ;
; Device                             ; 10M50DAF484C7G                              ;
; Timing Models                      ; Final                                       ;
; Total logic elements               ; 3,116 / 49,760 ( 6 % )                      ;
;     Total combinational functions  ; 2,070 / 49,760 ( 4 % )                      ;
;     Dedicated logic registers      ; 2,327 / 49,760 ( 5 % )                      ;
; Total registers                    ; 2327                                        ;
; Total pins                         ; 31 / 360 ( 9 % )                            ;
; Total virtual pins                 ; 0                                           ;
; Total memory bits                  ; 0 / 1,677,312 ( 0 % )                       ;
; Embedded Multiplier 9-bit elements ; 0 / 288 ( 0 % )                             ;
; Total PLLs                         ; 0 / 4 ( 0 % )                               ;
; UFM blocks                         ; 0 / 1 ( 0 % )                               ;
; ADC blocks                         ; 0 / 2 ( 0 % )                               ;
+------------------------------------+---------------------------------------------+


+-----------------------------------------+
; Flow Settings                           ;
+-------------------+---------------------+
; Option            ; Setting             ;
+-------------------+---------------------+
; Start date & time ; 06/14/2026 21:15:58 ;
; Main task         ; Compilation         ;
; Revision Name     ; mono_multi_cycle    ;
+-------------------+---------------------+


+--------------------------------------------------------------------------------------------------------------------------------+
; Flow Non-Default Global Settings                                                                                               ;
+-------------------------------------+----------------------------------------+------------------+-----------------+------------+
; Assignment Name                     ; Value                                  ; Default Value    ; Entity Name     ; Section Id ;
+-------------------------------------+----------------------------------------+------------------+-----------------+------------+
; COMPILER_SIGNATURE_ID               ; 91766540839.178146455719588            ; --               ; --              ; --         ;
; MAX_CORE_JUNCTION_TEMP              ; 85                                     ; --               ; --              ; --         ;
; MIN_CORE_JUNCTION_TEMP              ; 0                                      ; --               ; --              ; --         ;
; PARTITION_COLOR                     ; -- (Not supported for targeted family) ; --               ; proc_mono_cycle ; Top        ;
; PARTITION_FITTER_PRESERVATION_LEVEL ; -- (Not supported for targeted family) ; --               ; proc_mono_cycle ; Top        ;
; PARTITION_NETLIST_TYPE              ; -- (Not supported for targeted family) ; --               ; proc_mono_cycle ; Top        ;
; PROJECT_OUTPUT_DIRECTORY            ; output_files                           ; --               ; --              ; --         ;
; TOP_LEVEL_ENTITY                    ; proc_mono_cycle                        ; mono_multi_cycle ; --              ; --         ;
+-------------------------------------+----------------------------------------+------------------+-----------------+------------+


+--------------------------------------------------------------------------------------------------------------------------+
; Flow Elapsed Time                                                                                                        ;
+----------------------+--------------+-------------------------+---------------------+------------------------------------+
; Module Name          ; Elapsed Time ; Average Processors Used ; Peak Virtual Memory ; Total CPU Time (on all processors) ;
+----------------------+--------------+-------------------------+---------------------+------------------------------------+
; Analysis & Synthesis ; 00:00:49     ; 1.0                     ; 4859 MB             ; 00:01:02                           ;
; Fitter               ; 00:01:57     ; 1.5                     ; 6336 MB             ; 00:03:09                           ;
; Assembler            ; 00:00:09     ; 1.0                     ; 4692 MB             ; 00:00:07                           ;
; Timing Analyzer      ; 00:00:13     ; 2.7                     ; 4944 MB             ; 00:00:22                           ;
; Total                ; 00:03:08     ; --                      ; --                  ; 00:04:40                           ;
+----------------------+--------------+-------------------------+---------------------+------------------------------------+


+------------------------------------------------------------------------------------+
; Flow OS Summary                                                                    ;
+----------------------+------------------+------------+------------+----------------+
; Module Name          ; Machine Hostname ; OS Name    ; OS Version ; Processor type ;
+----------------------+------------------+------------+------------+----------------+
; Analysis & Synthesis ; Detective-Conan  ; Windows 10 ; 10.0       ; x86_64         ;
; Fitter               ; Detective-Conan  ; Windows 10 ; 10.0       ; x86_64         ;
; Assembler            ; Detective-Conan  ; Windows 10 ; 10.0       ; x86_64         ;
; Timing Analyzer      ; Detective-Conan  ; Windows 10 ; 10.0       ; x86_64         ;
+----------------------+------------------+------------+------------+----------------+


------------
; Flow Log ;
------------
quartus_map --read_settings_files=on --write_settings_files=off mono_multi_cycle -c mono_multi_cycle
quartus_fit --read_settings_files=off --write_settings_files=off mono_multi_cycle -c mono_multi_cycle
quartus_asm --read_settings_files=off --write_settings_files=off mono_multi_cycle -c mono_multi_cycle
quartus_sta mono_multi_cycle -c mono_multi_cycle



