Analysis & Synthesis report for mono_multi_cycle
Sun Jun 14 20:23:28 2026
Quartus Prime Version 18.1.0 Build 625 09/12/2018 SJ Lite Edition


---------------------
; Table of Contents ;
---------------------
  1. Legal Notice
  2. Analysis & Synthesis Summary
  3. Analysis & Synthesis Settings
  4. Parallel Compilation
  5. Analysis & Synthesis Source Files Read
  6. Analysis & Synthesis Resource Usage Summary
  7. Analysis & Synthesis Resource Utilization by Entity
  8. Registers Removed During Synthesis
  9. General Register Statistics
 10. Inverted Register Statistics
 11. Multiplexer Restructuring Statistics (Restructuring Performed)
 12. Parameter Settings for User Entity Instance: UNIT_GESTION_INSTRUCTION:Inst_UNIT_GEST_INSTRUCTION|SIGN_EXTENSION:Inst_EXT
 13. Parameter Settings for User Entity Instance: MUL_2_TO_1:Inst_MUL_2_TO_1_REGB
 14. Parameter Settings for User Entity Instance: DataPath:Inst_DATA_PATH|MUL_2_TO_1:Inst_MUL_2_TO_1_1
 15. Parameter Settings for User Entity Instance: DataPath:Inst_DATA_PATH|MUL_2_TO_1:Inst_MUL_2_TO_1_2
 16. Parameter Settings for User Entity Instance: DataPath:Inst_DATA_PATH|SIGN_EXTENSION:Inst_EXT
 17. Port Connectivity Checks: "DataPath:Inst_DATA_PATH"
 18. Port Connectivity Checks: "DECODEUR:Inst_DECODEUR"
 19. Post-Synthesis Netlist Statistics for Top Partition
 20. Elapsed Time Per Partition
 21. Analysis & Synthesis Messages



----------------
; Legal Notice ;
----------------
Copyright (C) 2018  Intel Corporation. All rights reserved.
Your use of Intel Corporation's design tools, logic functions 
and other software and tools, and its AMPP partner logic 
functions, and any output files from any of the foregoing 
(including device programming or simulation files), and any 
associated documentation or information are expressly subject 
to the terms and conditions of the Intel Program License 
Subscription Agreement, the Intel Quartus Prime License Agreement,
the Intel FPGA IP License Agreement, or other applicable license
agreement, including, without limitation, that your use is for
the sole purpose of programming logic devices manufactured by
Intel and sold by Intel or its authorized distributors.  Please
refer to the applicable agreement for further details.



+----------------------------------------------------------------------------------+
; Analysis & Synthesis Summary                                                     ;
+------------------------------------+---------------------------------------------+
; Analysis & Synthesis Status        ; Successful - Sun Jun 14 20:23:28 2026       ;
; Quartus Prime Version              ; 18.1.0 Build 625 09/12/2018 SJ Lite Edition ;
; Revision Name                      ; mono_multi_cycle                            ;
; Top-level Entity Name              ; proc_mono_cycle                             ;
; Family                             ; MAX 10                                      ;
; Total logic elements               ; 4,304                                       ;
;     Total combinational functions  ; 2,077                                       ;
;     Dedicated logic registers      ; 2,327                                       ;
; Total registers                    ; 2327                                        ;
; Total pins                         ; 31                                          ;
; Total virtual pins                 ; 0                                           ;
; Total memory bits                  ; 0                                           ;
; Embedded Multiplier 9-bit elements ; 0                                           ;
; Total PLLs                         ; 0                                           ;
; UFM blocks                         ; 0                                           ;
; ADC blocks                         ; 0                                           ;
+------------------------------------+---------------------------------------------+


+------------------------------------------------------------------------------------------------------------+
; Analysis & Synthesis Settings                                                                              ;
+------------------------------------------------------------------+--------------------+--------------------+
; Option                                                           ; Setting            ; Default Value      ;
+------------------------------------------------------------------+--------------------+--------------------+
; Device                                                           ; 10M50DAF484C7G     ;                    ;
; Top-level entity name                                            ; proc_mono_cycle    ; mono_multi_cycle   ;
; Family name                                                      ; MAX 10             ; Cyclone V          ;
; Use smart compilation                                            ; Off                ; Off                ;
; Enable parallel Assembler and Timing Analyzer during compilation ; On                 ; On                 ;
; Enable compact report table                                      ; Off                ; Off                ;
; Restructure Multiplexers                                         ; Auto               ; Auto               ;
; Create Debugging Nodes for IP Cores                              ; Off                ; Off                ;
; Preserve fewer node names                                        ; On                 ; On                 ;
; Intel FPGA IP Evaluation Mode                                    ; Enable             ; Enable             ;
; Verilog Version                                                  ; Verilog_2001       ; Verilog_2001       ;
; VHDL Version                                                     ; VHDL_1993          ; VHDL_1993          ;
; State Machine Processing                                         ; Auto               ; Auto               ;
; Safe State Machine                                               ; Off                ; Off                ;
; Extract Verilog State Machines                                   ; On                 ; On                 ;
; Extract VHDL State Machines                                      ; On                 ; On                 ;
; Ignore Verilog initial constructs                                ; Off                ; Off                ;
; Iteration limit for constant Verilog loops                       ; 5000               ; 5000               ;
; Iteration limit for non-constant Verilog loops                   ; 250                ; 250                ;
; Add Pass-Through Logic to Inferred RAMs                          ; On                 ; On                 ;
; Infer RAMs from Raw Logic                                        ; On                 ; On                 ;
; Parallel Synthesis                                               ; On                 ; On                 ;
; DSP Block Balancing                                              ; Auto               ; Auto               ;
; NOT Gate Push-Back                                               ; On                 ; On                 ;
; Power-Up Don't Care                                              ; On                 ; On                 ;
; Remove Redundant Logic Cells                                     ; Off                ; Off                ;
; Remove Duplicate Registers                                       ; On                 ; On                 ;
; Ignore CARRY Buffers                                             ; Off                ; Off                ;
; Ignore CASCADE Buffers                                           ; Off                ; Off                ;
; Ignore GLOBAL Buffers                                            ; Off                ; Off                ;
; Ignore ROW GLOBAL Buffers                                        ; Off                ; Off                ;
; Ignore LCELL Buffers                                             ; Off                ; Off                ;
; Ignore SOFT Buffers                                              ; On                 ; On                 ;
; Limit AHDL Integers to 32 Bits                                   ; Off                ; Off                ;
; Optimization Technique                                           ; Balanced           ; Balanced           ;
; Carry Chain Length                                               ; 70                 ; 70                 ;
; Auto Carry Chains                                                ; On                 ; On                 ;
; Auto Open-Drain Pins                                             ; On                 ; On                 ;
; Perform WYSIWYG Primitive Resynthesis                            ; Off                ; Off                ;
; Auto ROM Replacement                                             ; On                 ; On                 ;
; Auto RAM Replacement                                             ; On                 ; On                 ;
; Auto DSP Block Replacement                                       ; On                 ; On                 ;
; Auto Shift Register Replacement                                  ; Auto               ; Auto               ;
; Allow Shift Register Merging across Hierarchies                  ; Auto               ; Auto               ;
; Auto Clock Enable Replacement                                    ; On                 ; On                 ;
; Strict RAM Replacement                                           ; Off                ; Off                ;
; Allow Synchronous Control Signals                                ; On                 ; On                 ;
; Force Use of Synchronous Clear Signals                           ; Off                ; Off                ;
; Auto RAM Block Balancing                                         ; On                 ; On                 ;
; Auto RAM to Logic Cell Conversion                                ; Off                ; Off                ;
; Auto Resource Sharing                                            ; Off                ; Off                ;
; Allow Any RAM Size For Recognition                               ; Off                ; Off                ;
; Allow Any ROM Size For Recognition                               ; Off                ; Off                ;
; Allow Any Shift Register Size For Recognition                    ; Off                ; Off                ;
; Use LogicLock Constraints during Resource Balancing              ; On                 ; On                 ;
; Ignore translate_off and synthesis_off directives                ; Off                ; Off                ;
; Timing-Driven Synthesis                                          ; On                 ; On                 ;
; Report Parameter Settings                                        ; On                 ; On                 ;
; Report Source Assignments                                        ; On                 ; On                 ;
; Report Connectivity Checks                                       ; On                 ; On                 ;
; Ignore Maximum Fan-Out Assignments                               ; Off                ; Off                ;
; Synchronization Register Chain Length                            ; 2                  ; 2                  ;
; Power Optimization During Synthesis                              ; Normal compilation ; Normal compilation ;
; HDL message level                                                ; Level2             ; Level2             ;
; Suppress Register Optimization Related Messages                  ; Off                ; Off                ;
; Number of Removed Registers Reported in Synthesis Report         ; 5000               ; 5000               ;
; Number of Swept Nodes Reported in Synthesis Report               ; 5000               ; 5000               ;
; Number of Inverted Registers Reported in Synthesis Report        ; 100                ; 100                ;
; Clock MUX Protection                                             ; On                 ; On                 ;
; Auto Gated Clock Conversion                                      ; Off                ; Off                ;
; Block Design Naming                                              ; Auto               ; Auto               ;
; SDC constraint protection                                        ; Off                ; Off                ;
; Synthesis Effort                                                 ; Auto               ; Auto               ;
; Shift Register Replacement - Allow Asynchronous Clear Signal     ; On                 ; On                 ;
; Pre-Mapping Resynthesis Optimization                             ; Off                ; Off                ;
; Analysis & Synthesis Message Level                               ; Medium             ; Medium             ;
; Disable Register Merging Across Hierarchies                      ; Auto               ; Auto               ;
; Resource Aware Inference For Block RAM                           ; On                 ; On                 ;
+------------------------------------------------------------------+--------------------+--------------------+


+------------------------------------------+
; Parallel Compilation                     ;
+----------------------------+-------------+
; Processors                 ; Number      ;
+----------------------------+-------------+
; Number detected on machine ; 12          ;
; Maximum allowed            ; 12          ;
;                            ;             ;
; Average used               ; 1.01        ;
; Maximum used               ; 12          ;
;                            ;             ;
; Usage by Processor         ; % Time Used ;
;     Processor 1            ; 100.0%      ;
;     Processor 2            ;   0.1%      ;
;     Processor 3            ;   0.1%      ;
;     Processor 4            ;   0.1%      ;
;     Processor 5            ;   0.1%      ;
;     Processor 6            ;   0.1%      ;
;     Processor 7            ;   0.1%      ;
;     Processor 8            ;   0.1%      ;
;     Processors 9-12        ;   0.0%      ;
+----------------------------+-------------+


+------------------------------------------------------------------------------------------------------------------------------------------------------------------------------------------------------------------------------+
; Analysis & Synthesis Source Files Read                                                                                                                                                                                       ;
+-------------------------------------+-----------------+-----------------+------------------------------------------------------------------------------------------------------------------------------------------+---------+
; File Name with User-Entered Path    ; Used in Netlist ; File Type       ; File Name with Absolute Path                                                                                                             ; Library ;
+-------------------------------------+-----------------+-----------------+------------------------------------------------------------------------------------------------------------------------------------------+---------+
; ../src/unit_gestion_instruction.vhd ; yes             ; User VHDL File  ; H:/Mon Drive/2025-2026_polytech_sorbonne/S6/UE-Electronique/VHDL_Comportemental/Projet_mono_multi_cycle/src/unit_gestion_instruction.vhd ;         ;
; ../src/sign_extension.vhd           ; yes             ; User VHDL File  ; H:/Mon Drive/2025-2026_polytech_sorbonne/S6/UE-Electronique/VHDL_Comportemental/Projet_mono_multi_cycle/src/sign_extension.vhd           ;         ;
; ../src/SEVEN_SEG.vhd                ; yes             ; User VHDL File  ; H:/Mon Drive/2025-2026_polytech_sorbonne/S6/UE-Electronique/VHDL_Comportemental/Projet_mono_multi_cycle/src/SEVEN_SEG.vhd                ;         ;
; ../src/proc_mono_cycle.vhd          ; yes             ; User VHDL File  ; H:/Mon Drive/2025-2026_polytech_sorbonne/S6/UE-Electronique/VHDL_Comportemental/Projet_mono_multi_cycle/src/proc_mono_cycle.vhd          ;         ;
; ../src/mul_2_to_1.vhd               ; yes             ; User VHDL File  ; H:/Mon Drive/2025-2026_polytech_sorbonne/S6/UE-Electronique/VHDL_Comportemental/Projet_mono_multi_cycle/src/mul_2_to_1.vhd               ;         ;
; ../src/memory_data.vhd              ; yes             ; User VHDL File  ; H:/Mon Drive/2025-2026_polytech_sorbonne/S6/UE-Electronique/VHDL_Comportemental/Projet_mono_multi_cycle/src/memory_data.vhd              ;         ;
; ../src/instruction_memory.vhd       ; yes             ; User VHDL File  ; H:/Mon Drive/2025-2026_polytech_sorbonne/S6/UE-Electronique/VHDL_Comportemental/Projet_mono_multi_cycle/src/instruction_memory.vhd       ;         ;
; ../src/decodeur.vhd                 ; yes             ; User VHDL File  ; H:/Mon Drive/2025-2026_polytech_sorbonne/S6/UE-Electronique/VHDL_Comportemental/Projet_mono_multi_cycle/src/decodeur.vhd                 ;         ;
; ../src/datapath.vhd                 ; yes             ; User VHDL File  ; H:/Mon Drive/2025-2026_polytech_sorbonne/S6/UE-Electronique/VHDL_Comportemental/Projet_mono_multi_cycle/src/datapath.vhd                 ;         ;
; ../src/banc_registre.vhd            ; yes             ; User VHDL File  ; H:/Mon Drive/2025-2026_polytech_sorbonne/S6/UE-Electronique/VHDL_Comportemental/Projet_mono_multi_cycle/src/banc_registre.vhd            ;         ;
; ../src/alu.vhd                      ; yes             ; User VHDL File  ; H:/Mon Drive/2025-2026_polytech_sorbonne/S6/UE-Electronique/VHDL_Comportemental/Projet_mono_multi_cycle/src/alu.vhd                      ;         ;
+-------------------------------------+-----------------+-----------------+------------------------------------------------------------------------------------------------------------------------------------------+---------+


+---------------------------------------------------------+
; Analysis & Synthesis Resource Usage Summary             ;
+---------------------------------------------+-----------+
; Resource                                    ; Usage     ;
+---------------------------------------------+-----------+
; Estimated Total logic elements              ; 4,304     ;
;                                             ;           ;
; Total combinational functions               ; 2077      ;
; Logic element usage by number of LUT inputs ;           ;
;     -- 4 input functions                    ; 1884      ;
;     -- 3 input functions                    ; 119       ;
;     -- <=2 input functions                  ; 74        ;
;                                             ;           ;
; Logic elements by mode                      ;           ;
;     -- normal mode                          ; 2040      ;
;     -- arithmetic mode                      ; 37        ;
;                                             ;           ;
; Total registers                             ; 2327      ;
;     -- Dedicated logic registers            ; 2327      ;
;     -- I/O registers                        ; 0         ;
;                                             ;           ;
; I/O pins                                    ; 31        ;
;                                             ;           ;
; Embedded Multiplier 9-bit elements          ; 0         ;
;                                             ;           ;
; Maximum fan-out node                        ; CLK~input ;
; Maximum fan-out                             ; 2327      ;
; Total fan-out                               ; 17384     ;
; Average fan-out                             ; 3.89      ;
+---------------------------------------------+-----------+


+---------------------------------------------------------------------------------------------------------------------------------------------------------------------------------------------------------------------------------------------------------------------------------------------------------------------------------------------------------------------------+
; Analysis & Synthesis Resource Utilization by Entity                                                                                                                                                                                                                                                                                                                       ;
+----------------------------------------------------------+---------------------+---------------------------+-------------+------------+--------------+---------+-----------+------+--------------+------------+-----------------------------------------------------------------------------------------------------------------+--------------------------+--------------+
; Compilation Hierarchy Node                               ; Combinational ALUTs ; Dedicated Logic Registers ; Memory Bits ; UFM Blocks ; DSP Elements ; DSP 9x9 ; DSP 18x18 ; Pins ; Virtual Pins ; ADC blocks ; Full Hierarchy Name                                                                                             ; Entity Name              ; Library Name ;
+----------------------------------------------------------+---------------------+---------------------------+-------------+------------+--------------+---------+-----------+------+--------------+------------+-----------------------------------------------------------------------------------------------------------------+--------------------------+--------------+
; |proc_mono_cycle                                         ; 2077 (2)            ; 2327 (1)                  ; 0           ; 0          ; 0            ; 0       ; 0         ; 31   ; 0            ; 0          ; |proc_mono_cycle                                                                                                ; proc_mono_cycle          ; work         ;
;    |DECODEUR:Inst_DECODEUR|                              ; 18 (18)             ; 0 (0)                     ; 0           ; 0          ; 0            ; 0       ; 0         ; 0    ; 0            ; 0          ; |proc_mono_cycle|DECODEUR:Inst_DECODEUR                                                                         ; DECODEUR                 ; work         ;
;    |DataPath:Inst_DATA_PATH|                             ; 1953 (0)            ; 2320 (16)                 ; 0           ; 0          ; 0            ; 0       ; 0         ; 0    ; 0            ; 0          ; |proc_mono_cycle|DataPath:Inst_DATA_PATH                                                                        ; DataPath                 ; work         ;
;       |ALU:Inst_ALU|                                     ; 84 (84)             ; 0 (0)                     ; 0           ; 0          ; 0            ; 0       ; 0         ; 0    ; 0            ; 0          ; |proc_mono_cycle|DataPath:Inst_DATA_PATH|ALU:Inst_ALU                                                           ; ALU                      ; work         ;
;       |BANC_REGISTRE:Inst_BANC_REG|                      ; 337 (337)           ; 256 (256)                 ; 0           ; 0          ; 0            ; 0       ; 0         ; 0    ; 0            ; 0          ; |proc_mono_cycle|DataPath:Inst_DATA_PATH|BANC_REGISTRE:Inst_BANC_REG                                            ; BANC_REGISTRE            ; work         ;
;       |DATA_MEMORY:Inst_MEM|                             ; 99 (99)             ; 2048 (2048)               ; 0           ; 0          ; 0            ; 0       ; 0         ; 0    ; 0            ; 0          ; |proc_mono_cycle|DataPath:Inst_DATA_PATH|DATA_MEMORY:Inst_MEM                                                   ; DATA_MEMORY              ; work         ;
;       |MUL_2_TO_1:Inst_MUL_2_TO_1_1|                     ; 1431 (1431)         ; 0 (0)                     ; 0           ; 0          ; 0            ; 0       ; 0         ; 0    ; 0            ; 0          ; |proc_mono_cycle|DataPath:Inst_DATA_PATH|MUL_2_TO_1:Inst_MUL_2_TO_1_1                                           ; MUL_2_TO_1               ; work         ;
;       |MUL_2_TO_1:Inst_MUL_2_TO_1_2|                     ; 2 (2)               ; 0 (0)                     ; 0           ; 0          ; 0            ; 0       ; 0         ; 0    ; 0            ; 0          ; |proc_mono_cycle|DataPath:Inst_DATA_PATH|MUL_2_TO_1:Inst_MUL_2_TO_1_2                                           ; MUL_2_TO_1               ; work         ;
;    |MUL_2_TO_1:Inst_MUL_2_TO_1_REGB|                     ; 4 (4)               ; 0 (0)                     ; 0           ; 0          ; 0            ; 0       ; 0         ; 0    ; 0            ; 0          ; |proc_mono_cycle|MUL_2_TO_1:Inst_MUL_2_TO_1_REGB                                                                ; MUL_2_TO_1               ; work         ;
;    |SEVEN_SEG:Inst_HEX0|                                 ; 14 (14)             ; 0 (0)                     ; 0           ; 0          ; 0            ; 0       ; 0         ; 0    ; 0            ; 0          ; |proc_mono_cycle|SEVEN_SEG:Inst_HEX0                                                                            ; SEVEN_SEG                ; work         ;
;    |SEVEN_SEG:Inst_HEX1|                                 ; 14 (14)             ; 0 (0)                     ; 0           ; 0          ; 0            ; 0       ; 0         ; 0    ; 0            ; 0          ; |proc_mono_cycle|SEVEN_SEG:Inst_HEX1                                                                            ; SEVEN_SEG                ; work         ;
;    |SEVEN_SEG:Inst_HEX2|                                 ; 14 (14)             ; 0 (0)                     ; 0           ; 0          ; 0            ; 0       ; 0         ; 0    ; 0            ; 0          ; |proc_mono_cycle|SEVEN_SEG:Inst_HEX2                                                                            ; SEVEN_SEG                ; work         ;
;    |SEVEN_SEG:Inst_HEX3|                                 ; 14 (14)             ; 0 (0)                     ; 0           ; 0          ; 0            ; 0       ; 0         ; 0    ; 0            ; 0          ; |proc_mono_cycle|SEVEN_SEG:Inst_HEX3                                                                            ; SEVEN_SEG                ; work         ;
;    |UNIT_GESTION_INSTRUCTION:Inst_UNIT_GEST_INSTRUCTION| ; 44 (16)             ; 6 (6)                     ; 0           ; 0          ; 0            ; 0       ; 0         ; 0    ; 0            ; 0          ; |proc_mono_cycle|UNIT_GESTION_INSTRUCTION:Inst_UNIT_GEST_INSTRUCTION                                            ; UNIT_GESTION_INSTRUCTION ; work         ;
;       |instruction_memory:Inst_INSTRUCTION_MEMORY|       ; 28 (28)             ; 0 (0)                     ; 0           ; 0          ; 0            ; 0       ; 0         ; 0    ; 0            ; 0          ; |proc_mono_cycle|UNIT_GESTION_INSTRUCTION:Inst_UNIT_GEST_INSTRUCTION|instruction_memory:Inst_INSTRUCTION_MEMORY ; instruction_memory       ; work         ;
+----------------------------------------------------------+---------------------+---------------------------+-------------+------------+--------------+---------+-----------+------+--------------+------------+-----------------------------------------------------------------------------------------------------------------+--------------------------+--------------+
Note: For table entries with two numbers listed, the numbers in parentheses indicate the number of resources of the given type used by the specific entity alone. The numbers listed outside of parentheses indicate the total resources of the given type used by the specific entity and all of its sub-entities in the hierarchy.


+-----------------------------------------------------------------------------------------------------------------+
; Registers Removed During Synthesis                                                                              ;
+-------------------------------------------------------------------+---------------------------------------------+
; Register name                                                     ; Reason for Removal                          ;
+-------------------------------------------------------------------+---------------------------------------------+
; DataPath:Inst_DATA_PATH|BANC_REGISTRE:Inst_BANC_REG|Banc[4][3]    ; Stuck at GND due to stuck port clock_enable ;
; DataPath:Inst_DATA_PATH|BANC_REGISTRE:Inst_BANC_REG|Banc[5][3]    ; Stuck at GND due to stuck port clock_enable ;
; DataPath:Inst_DATA_PATH|BANC_REGISTRE:Inst_BANC_REG|Banc[6][3]    ; Stuck at GND due to stuck port clock_enable ;
; DataPath:Inst_DATA_PATH|BANC_REGISTRE:Inst_BANC_REG|Banc[7][3]    ; Stuck at GND due to stuck port clock_enable ;
; DataPath:Inst_DATA_PATH|BANC_REGISTRE:Inst_BANC_REG|Banc[8][3]    ; Stuck at GND due to stuck port clock_enable ;
; DataPath:Inst_DATA_PATH|BANC_REGISTRE:Inst_BANC_REG|Banc[9][3]    ; Stuck at GND due to stuck port clock_enable ;
; DataPath:Inst_DATA_PATH|BANC_REGISTRE:Inst_BANC_REG|Banc[10][3]   ; Stuck at GND due to stuck port clock_enable ;
; DataPath:Inst_DATA_PATH|BANC_REGISTRE:Inst_BANC_REG|Banc[11][3]   ; Stuck at GND due to stuck port clock_enable ;
; DataPath:Inst_DATA_PATH|BANC_REGISTRE:Inst_BANC_REG|Banc[4][2]    ; Stuck at GND due to stuck port clock_enable ;
; DataPath:Inst_DATA_PATH|BANC_REGISTRE:Inst_BANC_REG|Banc[5][2]    ; Stuck at GND due to stuck port clock_enable ;
; DataPath:Inst_DATA_PATH|BANC_REGISTRE:Inst_BANC_REG|Banc[6][2]    ; Stuck at GND due to stuck port clock_enable ;
; DataPath:Inst_DATA_PATH|BANC_REGISTRE:Inst_BANC_REG|Banc[7][2]    ; Stuck at GND due to stuck port clock_enable ;
; DataPath:Inst_DATA_PATH|BANC_REGISTRE:Inst_BANC_REG|Banc[8][2]    ; Stuck at GND due to stuck port clock_enable ;
; DataPath:Inst_DATA_PATH|BANC_REGISTRE:Inst_BANC_REG|Banc[9][2]    ; Stuck at GND due to stuck port clock_enable ;
; DataPath:Inst_DATA_PATH|BANC_REGISTRE:Inst_BANC_REG|Banc[10][2]   ; Stuck at GND due to stuck port clock_enable ;
; DataPath:Inst_DATA_PATH|BANC_REGISTRE:Inst_BANC_REG|Banc[11][2]   ; Stuck at GND due to stuck port clock_enable ;
; DataPath:Inst_DATA_PATH|BANC_REGISTRE:Inst_BANC_REG|Banc[4][1]    ; Stuck at GND due to stuck port clock_enable ;
; DataPath:Inst_DATA_PATH|BANC_REGISTRE:Inst_BANC_REG|Banc[5][1]    ; Stuck at GND due to stuck port clock_enable ;
; DataPath:Inst_DATA_PATH|BANC_REGISTRE:Inst_BANC_REG|Banc[6][1]    ; Stuck at GND due to stuck port clock_enable ;
; DataPath:Inst_DATA_PATH|BANC_REGISTRE:Inst_BANC_REG|Banc[7][1]    ; Stuck at GND due to stuck port clock_enable ;
; DataPath:Inst_DATA_PATH|BANC_REGISTRE:Inst_BANC_REG|Banc[8][1]    ; Stuck at GND due to stuck port clock_enable ;
; DataPath:Inst_DATA_PATH|BANC_REGISTRE:Inst_BANC_REG|Banc[9][1]    ; Stuck at GND due to stuck port clock_enable ;
; DataPath:Inst_DATA_PATH|BANC_REGISTRE:Inst_BANC_REG|Banc[10][1]   ; Stuck at GND due to stuck port clock_enable ;
; DataPath:Inst_DATA_PATH|BANC_REGISTRE:Inst_BANC_REG|Banc[11][1]   ; Stuck at GND due to stuck port clock_enable ;
; DataPath:Inst_DATA_PATH|BANC_REGISTRE:Inst_BANC_REG|Banc[4][0]    ; Stuck at GND due to stuck port clock_enable ;
; DataPath:Inst_DATA_PATH|BANC_REGISTRE:Inst_BANC_REG|Banc[5][0]    ; Stuck at GND due to stuck port clock_enable ;
; DataPath:Inst_DATA_PATH|BANC_REGISTRE:Inst_BANC_REG|Banc[6][0]    ; Stuck at GND due to stuck port clock_enable ;
; DataPath:Inst_DATA_PATH|BANC_REGISTRE:Inst_BANC_REG|Banc[7][0]    ; Stuck at GND due to stuck port clock_enable ;
; DataPath:Inst_DATA_PATH|BANC_REGISTRE:Inst_BANC_REG|Banc[8][0]    ; Stuck at GND due to stuck port clock_enable ;
; DataPath:Inst_DATA_PATH|BANC_REGISTRE:Inst_BANC_REG|Banc[9][0]    ; Stuck at GND due to stuck port clock_enable ;
; DataPath:Inst_DATA_PATH|BANC_REGISTRE:Inst_BANC_REG|Banc[10][0]   ; Stuck at GND due to stuck port clock_enable ;
; DataPath:Inst_DATA_PATH|BANC_REGISTRE:Inst_BANC_REG|Banc[11][0]   ; Stuck at GND due to stuck port clock_enable ;
; DataPath:Inst_DATA_PATH|BANC_REGISTRE:Inst_BANC_REG|Banc[4][7]    ; Stuck at GND due to stuck port clock_enable ;
; DataPath:Inst_DATA_PATH|BANC_REGISTRE:Inst_BANC_REG|Banc[5][7]    ; Stuck at GND due to stuck port clock_enable ;
; DataPath:Inst_DATA_PATH|BANC_REGISTRE:Inst_BANC_REG|Banc[6][7]    ; Stuck at GND due to stuck port clock_enable ;
; DataPath:Inst_DATA_PATH|BANC_REGISTRE:Inst_BANC_REG|Banc[7][7]    ; Stuck at GND due to stuck port clock_enable ;
; DataPath:Inst_DATA_PATH|BANC_REGISTRE:Inst_BANC_REG|Banc[8][7]    ; Stuck at GND due to stuck port clock_enable ;
; DataPath:Inst_DATA_PATH|BANC_REGISTRE:Inst_BANC_REG|Banc[9][7]    ; Stuck at GND due to stuck port clock_enable ;
; DataPath:Inst_DATA_PATH|BANC_REGISTRE:Inst_BANC_REG|Banc[10][7]   ; Stuck at GND due to stuck port clock_enable ;
; DataPath:Inst_DATA_PATH|BANC_REGISTRE:Inst_BANC_REG|Banc[11][7]   ; Stuck at GND due to stuck port clock_enable ;
; DataPath:Inst_DATA_PATH|BANC_REGISTRE:Inst_BANC_REG|Banc[4][6]    ; Stuck at GND due to stuck port clock_enable ;
; DataPath:Inst_DATA_PATH|BANC_REGISTRE:Inst_BANC_REG|Banc[5][6]    ; Stuck at GND due to stuck port clock_enable ;
; DataPath:Inst_DATA_PATH|BANC_REGISTRE:Inst_BANC_REG|Banc[6][6]    ; Stuck at GND due to stuck port clock_enable ;
; DataPath:Inst_DATA_PATH|BANC_REGISTRE:Inst_BANC_REG|Banc[7][6]    ; Stuck at GND due to stuck port clock_enable ;
; DataPath:Inst_DATA_PATH|BANC_REGISTRE:Inst_BANC_REG|Banc[8][6]    ; Stuck at GND due to stuck port clock_enable ;
; DataPath:Inst_DATA_PATH|BANC_REGISTRE:Inst_BANC_REG|Banc[9][6]    ; Stuck at GND due to stuck port clock_enable ;
; DataPath:Inst_DATA_PATH|BANC_REGISTRE:Inst_BANC_REG|Banc[10][6]   ; Stuck at GND due to stuck port clock_enable ;
; DataPath:Inst_DATA_PATH|BANC_REGISTRE:Inst_BANC_REG|Banc[11][6]   ; Stuck at GND due to stuck port clock_enable ;
; DataPath:Inst_DATA_PATH|BANC_REGISTRE:Inst_BANC_REG|Banc[4][5]    ; Stuck at GND due to stuck port clock_enable ;
; DataPath:Inst_DATA_PATH|BANC_REGISTRE:Inst_BANC_REG|Banc[5][5]    ; Stuck at GND due to stuck port clock_enable ;
; DataPath:Inst_DATA_PATH|BANC_REGISTRE:Inst_BANC_REG|Banc[6][5]    ; Stuck at GND due to stuck port clock_enable ;
; DataPath:Inst_DATA_PATH|BANC_REGISTRE:Inst_BANC_REG|Banc[7][5]    ; Stuck at GND due to stuck port clock_enable ;
; DataPath:Inst_DATA_PATH|BANC_REGISTRE:Inst_BANC_REG|Banc[8][5]    ; Stuck at GND due to stuck port clock_enable ;
; DataPath:Inst_DATA_PATH|BANC_REGISTRE:Inst_BANC_REG|Banc[9][5]    ; Stuck at GND due to stuck port clock_enable ;
; DataPath:Inst_DATA_PATH|BANC_REGISTRE:Inst_BANC_REG|Banc[10][5]   ; Stuck at GND due to stuck port clock_enable ;
; DataPath:Inst_DATA_PATH|BANC_REGISTRE:Inst_BANC_REG|Banc[11][5]   ; Stuck at GND due to stuck port clock_enable ;
; DataPath:Inst_DATA_PATH|BANC_REGISTRE:Inst_BANC_REG|Banc[4][4]    ; Stuck at GND due to stuck port clock_enable ;
; DataPath:Inst_DATA_PATH|BANC_REGISTRE:Inst_BANC_REG|Banc[5][4]    ; Stuck at GND due to stuck port clock_enable ;
; DataPath:Inst_DATA_PATH|BANC_REGISTRE:Inst_BANC_REG|Banc[6][4]    ; Stuck at GND due to stuck port clock_enable ;
; DataPath:Inst_DATA_PATH|BANC_REGISTRE:Inst_BANC_REG|Banc[7][4]    ; Stuck at GND due to stuck port clock_enable ;
; DataPath:Inst_DATA_PATH|BANC_REGISTRE:Inst_BANC_REG|Banc[8][4]    ; Stuck at GND due to stuck port clock_enable ;
; DataPath:Inst_DATA_PATH|BANC_REGISTRE:Inst_BANC_REG|Banc[9][4]    ; Stuck at GND due to stuck port clock_enable ;
; DataPath:Inst_DATA_PATH|BANC_REGISTRE:Inst_BANC_REG|Banc[10][4]   ; Stuck at GND due to stuck port clock_enable ;
; DataPath:Inst_DATA_PATH|BANC_REGISTRE:Inst_BANC_REG|Banc[11][4]   ; Stuck at GND due to stuck port clock_enable ;
; DataPath:Inst_DATA_PATH|BANC_REGISTRE:Inst_BANC_REG|Banc[4][11]   ; Stuck at GND due to stuck port clock_enable ;
; DataPath:Inst_DATA_PATH|BANC_REGISTRE:Inst_BANC_REG|Banc[5][11]   ; Stuck at GND due to stuck port clock_enable ;
; DataPath:Inst_DATA_PATH|BANC_REGISTRE:Inst_BANC_REG|Banc[6][11]   ; Stuck at GND due to stuck port clock_enable ;
; DataPath:Inst_DATA_PATH|BANC_REGISTRE:Inst_BANC_REG|Banc[7][11]   ; Stuck at GND due to stuck port clock_enable ;
; DataPath:Inst_DATA_PATH|BANC_REGISTRE:Inst_BANC_REG|Banc[8][11]   ; Stuck at GND due to stuck port clock_enable ;
; DataPath:Inst_DATA_PATH|BANC_REGISTRE:Inst_BANC_REG|Banc[9][11]   ; Stuck at GND due to stuck port clock_enable ;
; DataPath:Inst_DATA_PATH|BANC_REGISTRE:Inst_BANC_REG|Banc[10][11]  ; Stuck at GND due to stuck port clock_enable ;
; DataPath:Inst_DATA_PATH|BANC_REGISTRE:Inst_BANC_REG|Banc[11][11]  ; Stuck at GND due to stuck port clock_enable ;
; DataPath:Inst_DATA_PATH|BANC_REGISTRE:Inst_BANC_REG|Banc[4][10]   ; Stuck at GND due to stuck port clock_enable ;
; DataPath:Inst_DATA_PATH|BANC_REGISTRE:Inst_BANC_REG|Banc[5][10]   ; Stuck at GND due to stuck port clock_enable ;
; DataPath:Inst_DATA_PATH|BANC_REGISTRE:Inst_BANC_REG|Banc[6][10]   ; Stuck at GND due to stuck port clock_enable ;
; DataPath:Inst_DATA_PATH|BANC_REGISTRE:Inst_BANC_REG|Banc[7][10]   ; Stuck at GND due to stuck port clock_enable ;
; DataPath:Inst_DATA_PATH|BANC_REGISTRE:Inst_BANC_REG|Banc[8][10]   ; Stuck at GND due to stuck port clock_enable ;
; DataPath:Inst_DATA_PATH|BANC_REGISTRE:Inst_BANC_REG|Banc[9][10]   ; Stuck at GND due to stuck port clock_enable ;
; DataPath:Inst_DATA_PATH|BANC_REGISTRE:Inst_BANC_REG|Banc[10][10]  ; Stuck at GND due to stuck port clock_enable ;
; DataPath:Inst_DATA_PATH|BANC_REGISTRE:Inst_BANC_REG|Banc[11][10]  ; Stuck at GND due to stuck port clock_enable ;
; DataPath:Inst_DATA_PATH|BANC_REGISTRE:Inst_BANC_REG|Banc[4][9]    ; Stuck at GND due to stuck port clock_enable ;
; DataPath:Inst_DATA_PATH|BANC_REGISTRE:Inst_BANC_REG|Banc[5][9]    ; Stuck at GND due to stuck port clock_enable ;
; DataPath:Inst_DATA_PATH|BANC_REGISTRE:Inst_BANC_REG|Banc[6][9]    ; Stuck at GND due to stuck port clock_enable ;
; DataPath:Inst_DATA_PATH|BANC_REGISTRE:Inst_BANC_REG|Banc[7][9]    ; Stuck at GND due to stuck port clock_enable ;
; DataPath:Inst_DATA_PATH|BANC_REGISTRE:Inst_BANC_REG|Banc[8][9]    ; Stuck at GND due to stuck port clock_enable ;
; DataPath:Inst_DATA_PATH|BANC_REGISTRE:Inst_BANC_REG|Banc[9][9]    ; Stuck at GND due to stuck port clock_enable ;
; DataPath:Inst_DATA_PATH|BANC_REGISTRE:Inst_BANC_REG|Banc[10][9]   ; Stuck at GND due to stuck port clock_enable ;
; DataPath:Inst_DATA_PATH|BANC_REGISTRE:Inst_BANC_REG|Banc[11][9]   ; Stuck at GND due to stuck port clock_enable ;
; DataPath:Inst_DATA_PATH|BANC_REGISTRE:Inst_BANC_REG|Banc[4][8]    ; Stuck at GND due to stuck port clock_enable ;
; DataPath:Inst_DATA_PATH|BANC_REGISTRE:Inst_BANC_REG|Banc[5][8]    ; Stuck at GND due to stuck port clock_enable ;
; DataPath:Inst_DATA_PATH|BANC_REGISTRE:Inst_BANC_REG|Banc[6][8]    ; Stuck at GND due to stuck port clock_enable ;
; DataPath:Inst_DATA_PATH|BANC_REGISTRE:Inst_BANC_REG|Banc[7][8]    ; Stuck at GND due to stuck port clock_enable ;
; DataPath:Inst_DATA_PATH|BANC_REGISTRE:Inst_BANC_REG|Banc[8][8]    ; Stuck at GND due to stuck port clock_enable ;
; DataPath:Inst_DATA_PATH|BANC_REGISTRE:Inst_BANC_REG|Banc[9][8]    ; Stuck at GND due to stuck port clock_enable ;
; DataPath:Inst_DATA_PATH|BANC_REGISTRE:Inst_BANC_REG|Banc[10][8]   ; Stuck at GND due to stuck port clock_enable ;
; DataPath:Inst_DATA_PATH|BANC_REGISTRE:Inst_BANC_REG|Banc[11][8]   ; Stuck at GND due to stuck port clock_enable ;
; DataPath:Inst_DATA_PATH|BANC_REGISTRE:Inst_BANC_REG|Banc[4][15]   ; Stuck at GND due to stuck port clock_enable ;
; DataPath:Inst_DATA_PATH|BANC_REGISTRE:Inst_BANC_REG|Banc[5][15]   ; Stuck at GND due to stuck port clock_enable ;
; DataPath:Inst_DATA_PATH|BANC_REGISTRE:Inst_BANC_REG|Banc[6][15]   ; Stuck at GND due to stuck port clock_enable ;
; DataPath:Inst_DATA_PATH|BANC_REGISTRE:Inst_BANC_REG|Banc[7][15]   ; Stuck at GND due to stuck port clock_enable ;
; DataPath:Inst_DATA_PATH|BANC_REGISTRE:Inst_BANC_REG|Banc[8][15]   ; Stuck at GND due to stuck port clock_enable ;
; DataPath:Inst_DATA_PATH|BANC_REGISTRE:Inst_BANC_REG|Banc[9][15]   ; Stuck at GND due to stuck port clock_enable ;
; DataPath:Inst_DATA_PATH|BANC_REGISTRE:Inst_BANC_REG|Banc[10][15]  ; Stuck at GND due to stuck port clock_enable ;
; DataPath:Inst_DATA_PATH|BANC_REGISTRE:Inst_BANC_REG|Banc[11][15]  ; Stuck at GND due to stuck port clock_enable ;
; DataPath:Inst_DATA_PATH|BANC_REGISTRE:Inst_BANC_REG|Banc[4][14]   ; Stuck at GND due to stuck port clock_enable ;
; DataPath:Inst_DATA_PATH|BANC_REGISTRE:Inst_BANC_REG|Banc[5][14]   ; Stuck at GND due to stuck port clock_enable ;
; DataPath:Inst_DATA_PATH|BANC_REGISTRE:Inst_BANC_REG|Banc[6][14]   ; Stuck at GND due to stuck port clock_enable ;
; DataPath:Inst_DATA_PATH|BANC_REGISTRE:Inst_BANC_REG|Banc[7][14]   ; Stuck at GND due to stuck port clock_enable ;
; DataPath:Inst_DATA_PATH|BANC_REGISTRE:Inst_BANC_REG|Banc[8][14]   ; Stuck at GND due to stuck port clock_enable ;
; DataPath:Inst_DATA_PATH|BANC_REGISTRE:Inst_BANC_REG|Banc[9][14]   ; Stuck at GND due to stuck port clock_enable ;
; DataPath:Inst_DATA_PATH|BANC_REGISTRE:Inst_BANC_REG|Banc[10][14]  ; Stuck at GND due to stuck port clock_enable ;
; DataPath:Inst_DATA_PATH|BANC_REGISTRE:Inst_BANC_REG|Banc[11][14]  ; Stuck at GND due to stuck port clock_enable ;
; DataPath:Inst_DATA_PATH|BANC_REGISTRE:Inst_BANC_REG|Banc[4][13]   ; Stuck at GND due to stuck port clock_enable ;
; DataPath:Inst_DATA_PATH|BANC_REGISTRE:Inst_BANC_REG|Banc[5][13]   ; Stuck at GND due to stuck port clock_enable ;
; DataPath:Inst_DATA_PATH|BANC_REGISTRE:Inst_BANC_REG|Banc[6][13]   ; Stuck at GND due to stuck port clock_enable ;
; DataPath:Inst_DATA_PATH|BANC_REGISTRE:Inst_BANC_REG|Banc[7][13]   ; Stuck at GND due to stuck port clock_enable ;
; DataPath:Inst_DATA_PATH|BANC_REGISTRE:Inst_BANC_REG|Banc[8][13]   ; Stuck at GND due to stuck port clock_enable ;
; DataPath:Inst_DATA_PATH|BANC_REGISTRE:Inst_BANC_REG|Banc[9][13]   ; Stuck at GND due to stuck port clock_enable ;
; DataPath:Inst_DATA_PATH|BANC_REGISTRE:Inst_BANC_REG|Banc[10][13]  ; Stuck at GND due to stuck port clock_enable ;
; DataPath:Inst_DATA_PATH|BANC_REGISTRE:Inst_BANC_REG|Banc[11][13]  ; Stuck at GND due to stuck port clock_enable ;
; DataPath:Inst_DATA_PATH|BANC_REGISTRE:Inst_BANC_REG|Banc[4][12]   ; Stuck at GND due to stuck port clock_enable ;
; DataPath:Inst_DATA_PATH|BANC_REGISTRE:Inst_BANC_REG|Banc[5][12]   ; Stuck at GND due to stuck port clock_enable ;
; DataPath:Inst_DATA_PATH|BANC_REGISTRE:Inst_BANC_REG|Banc[6][12]   ; Stuck at GND due to stuck port clock_enable ;
; DataPath:Inst_DATA_PATH|BANC_REGISTRE:Inst_BANC_REG|Banc[7][12]   ; Stuck at GND due to stuck port clock_enable ;
; DataPath:Inst_DATA_PATH|BANC_REGISTRE:Inst_BANC_REG|Banc[8][12]   ; Stuck at GND due to stuck port clock_enable ;
; DataPath:Inst_DATA_PATH|BANC_REGISTRE:Inst_BANC_REG|Banc[9][12]   ; Stuck at GND due to stuck port clock_enable ;
; DataPath:Inst_DATA_PATH|BANC_REGISTRE:Inst_BANC_REG|Banc[10][12]  ; Stuck at GND due to stuck port clock_enable ;
; DataPath:Inst_DATA_PATH|BANC_REGISTRE:Inst_BANC_REG|Banc[11][12]  ; Stuck at GND due to stuck port clock_enable ;
; DataPath:Inst_DATA_PATH|BANC_REGISTRE:Inst_BANC_REG|Banc[4][16]   ; Stuck at GND due to stuck port clock_enable ;
; DataPath:Inst_DATA_PATH|BANC_REGISTRE:Inst_BANC_REG|Banc[5][16]   ; Stuck at GND due to stuck port clock_enable ;
; DataPath:Inst_DATA_PATH|BANC_REGISTRE:Inst_BANC_REG|Banc[6][16]   ; Stuck at GND due to stuck port clock_enable ;
; DataPath:Inst_DATA_PATH|BANC_REGISTRE:Inst_BANC_REG|Banc[7][16]   ; Stuck at GND due to stuck port clock_enable ;
; DataPath:Inst_DATA_PATH|BANC_REGISTRE:Inst_BANC_REG|Banc[8][16]   ; Stuck at GND due to stuck port clock_enable ;
; DataPath:Inst_DATA_PATH|BANC_REGISTRE:Inst_BANC_REG|Banc[9][16]   ; Stuck at GND due to stuck port clock_enable ;
; DataPath:Inst_DATA_PATH|BANC_REGISTRE:Inst_BANC_REG|Banc[10][16]  ; Stuck at GND due to stuck port clock_enable ;
; DataPath:Inst_DATA_PATH|BANC_REGISTRE:Inst_BANC_REG|Banc[11][16]  ; Stuck at GND due to stuck port clock_enable ;
; DataPath:Inst_DATA_PATH|BANC_REGISTRE:Inst_BANC_REG|Banc[4][17]   ; Stuck at GND due to stuck port clock_enable ;
; DataPath:Inst_DATA_PATH|BANC_REGISTRE:Inst_BANC_REG|Banc[5][17]   ; Stuck at GND due to stuck port clock_enable ;
; DataPath:Inst_DATA_PATH|BANC_REGISTRE:Inst_BANC_REG|Banc[6][17]   ; Stuck at GND due to stuck port clock_enable ;
; DataPath:Inst_DATA_PATH|BANC_REGISTRE:Inst_BANC_REG|Banc[7][17]   ; Stuck at GND due to stuck port clock_enable ;
; DataPath:Inst_DATA_PATH|BANC_REGISTRE:Inst_BANC_REG|Banc[8][17]   ; Stuck at GND due to stuck port clock_enable ;
; DataPath:Inst_DATA_PATH|BANC_REGISTRE:Inst_BANC_REG|Banc[9][17]   ; Stuck at GND due to stuck port clock_enable ;
; DataPath:Inst_DATA_PATH|BANC_REGISTRE:Inst_BANC_REG|Banc[10][17]  ; Stuck at GND due to stuck port clock_enable ;
; DataPath:Inst_DATA_PATH|BANC_REGISTRE:Inst_BANC_REG|Banc[11][17]  ; Stuck at GND due to stuck port clock_enable ;
; DataPath:Inst_DATA_PATH|BANC_REGISTRE:Inst_BANC_REG|Banc[4][18]   ; Stuck at GND due to stuck port clock_enable ;
; DataPath:Inst_DATA_PATH|BANC_REGISTRE:Inst_BANC_REG|Banc[5][18]   ; Stuck at GND due to stuck port clock_enable ;
; DataPath:Inst_DATA_PATH|BANC_REGISTRE:Inst_BANC_REG|Banc[6][18]   ; Stuck at GND due to stuck port clock_enable ;
; DataPath:Inst_DATA_PATH|BANC_REGISTRE:Inst_BANC_REG|Banc[7][18]   ; Stuck at GND due to stuck port clock_enable ;
; DataPath:Inst_DATA_PATH|BANC_REGISTRE:Inst_BANC_REG|Banc[8][18]   ; Stuck at GND due to stuck port clock_enable ;
; DataPath:Inst_DATA_PATH|BANC_REGISTRE:Inst_BANC_REG|Banc[9][18]   ; Stuck at GND due to stuck port clock_enable ;
; DataPath:Inst_DATA_PATH|BANC_REGISTRE:Inst_BANC_REG|Banc[10][18]  ; Stuck at GND due to stuck port clock_enable ;
; DataPath:Inst_DATA_PATH|BANC_REGISTRE:Inst_BANC_REG|Banc[11][18]  ; Stuck at GND due to stuck port clock_enable ;
; DataPath:Inst_DATA_PATH|BANC_REGISTRE:Inst_BANC_REG|Banc[4][19]   ; Stuck at GND due to stuck port clock_enable ;
; DataPath:Inst_DATA_PATH|BANC_REGISTRE:Inst_BANC_REG|Banc[5][19]   ; Stuck at GND due to stuck port clock_enable ;
; DataPath:Inst_DATA_PATH|BANC_REGISTRE:Inst_BANC_REG|Banc[6][19]   ; Stuck at GND due to stuck port clock_enable ;
; DataPath:Inst_DATA_PATH|BANC_REGISTRE:Inst_BANC_REG|Banc[7][19]   ; Stuck at GND due to stuck port clock_enable ;
; DataPath:Inst_DATA_PATH|BANC_REGISTRE:Inst_BANC_REG|Banc[8][19]   ; Stuck at GND due to stuck port clock_enable ;
; DataPath:Inst_DATA_PATH|BANC_REGISTRE:Inst_BANC_REG|Banc[9][19]   ; Stuck at GND due to stuck port clock_enable ;
; DataPath:Inst_DATA_PATH|BANC_REGISTRE:Inst_BANC_REG|Banc[10][19]  ; Stuck at GND due to stuck port clock_enable ;
; DataPath:Inst_DATA_PATH|BANC_REGISTRE:Inst_BANC_REG|Banc[11][19]  ; Stuck at GND due to stuck port clock_enable ;
; DataPath:Inst_DATA_PATH|BANC_REGISTRE:Inst_BANC_REG|Banc[4][20]   ; Stuck at GND due to stuck port clock_enable ;
; DataPath:Inst_DATA_PATH|BANC_REGISTRE:Inst_BANC_REG|Banc[5][20]   ; Stuck at GND due to stuck port clock_enable ;
; DataPath:Inst_DATA_PATH|BANC_REGISTRE:Inst_BANC_REG|Banc[6][20]   ; Stuck at GND due to stuck port clock_enable ;
; DataPath:Inst_DATA_PATH|BANC_REGISTRE:Inst_BANC_REG|Banc[7][20]   ; Stuck at GND due to stuck port clock_enable ;
; DataPath:Inst_DATA_PATH|BANC_REGISTRE:Inst_BANC_REG|Banc[8][20]   ; Stuck at GND due to stuck port clock_enable ;
; DataPath:Inst_DATA_PATH|BANC_REGISTRE:Inst_BANC_REG|Banc[9][20]   ; Stuck at GND due to stuck port clock_enable ;
; DataPath:Inst_DATA_PATH|BANC_REGISTRE:Inst_BANC_REG|Banc[10][20]  ; Stuck at GND due to stuck port clock_enable ;
; DataPath:Inst_DATA_PATH|BANC_REGISTRE:Inst_BANC_REG|Banc[11][20]  ; Stuck at GND due to stuck port clock_enable ;
; DataPath:Inst_DATA_PATH|BANC_REGISTRE:Inst_BANC_REG|Banc[4][21]   ; Stuck at GND due to stuck port clock_enable ;
; DataPath:Inst_DATA_PATH|BANC_REGISTRE:Inst_BANC_REG|Banc[5][21]   ; Stuck at GND due to stuck port clock_enable ;
; DataPath:Inst_DATA_PATH|BANC_REGISTRE:Inst_BANC_REG|Banc[6][21]   ; Stuck at GND due to stuck port clock_enable ;
; DataPath:Inst_DATA_PATH|BANC_REGISTRE:Inst_BANC_REG|Banc[7][21]   ; Stuck at GND due to stuck port clock_enable ;
; DataPath:Inst_DATA_PATH|BANC_REGISTRE:Inst_BANC_REG|Banc[8][21]   ; Stuck at GND due to stuck port clock_enable ;
; DataPath:Inst_DATA_PATH|BANC_REGISTRE:Inst_BANC_REG|Banc[9][21]   ; Stuck at GND due to stuck port clock_enable ;
; DataPath:Inst_DATA_PATH|BANC_REGISTRE:Inst_BANC_REG|Banc[10][21]  ; Stuck at GND due to stuck port clock_enable ;
; DataPath:Inst_DATA_PATH|BANC_REGISTRE:Inst_BANC_REG|Banc[11][21]  ; Stuck at GND due to stuck port clock_enable ;
; DataPath:Inst_DATA_PATH|BANC_REGISTRE:Inst_BANC_REG|Banc[4][22]   ; Stuck at GND due to stuck port clock_enable ;
; DataPath:Inst_DATA_PATH|BANC_REGISTRE:Inst_BANC_REG|Banc[5][22]   ; Stuck at GND due to stuck port clock_enable ;
; DataPath:Inst_DATA_PATH|BANC_REGISTRE:Inst_BANC_REG|Banc[6][22]   ; Stuck at GND due to stuck port clock_enable ;
; DataPath:Inst_DATA_PATH|BANC_REGISTRE:Inst_BANC_REG|Banc[7][22]   ; Stuck at GND due to stuck port clock_enable ;
; DataPath:Inst_DATA_PATH|BANC_REGISTRE:Inst_BANC_REG|Banc[8][22]   ; Stuck at GND due to stuck port clock_enable ;
; DataPath:Inst_DATA_PATH|BANC_REGISTRE:Inst_BANC_REG|Banc[9][22]   ; Stuck at GND due to stuck port clock_enable ;
; DataPath:Inst_DATA_PATH|BANC_REGISTRE:Inst_BANC_REG|Banc[10][22]  ; Stuck at GND due to stuck port clock_enable ;
; DataPath:Inst_DATA_PATH|BANC_REGISTRE:Inst_BANC_REG|Banc[11][22]  ; Stuck at GND due to stuck port clock_enable ;
; DataPath:Inst_DATA_PATH|BANC_REGISTRE:Inst_BANC_REG|Banc[4][23]   ; Stuck at GND due to stuck port clock_enable ;
; DataPath:Inst_DATA_PATH|BANC_REGISTRE:Inst_BANC_REG|Banc[5][23]   ; Stuck at GND due to stuck port clock_enable ;
; DataPath:Inst_DATA_PATH|BANC_REGISTRE:Inst_BANC_REG|Banc[6][23]   ; Stuck at GND due to stuck port clock_enable ;
; DataPath:Inst_DATA_PATH|BANC_REGISTRE:Inst_BANC_REG|Banc[7][23]   ; Stuck at GND due to stuck port clock_enable ;
; DataPath:Inst_DATA_PATH|BANC_REGISTRE:Inst_BANC_REG|Banc[8][23]   ; Stuck at GND due to stuck port clock_enable ;
; DataPath:Inst_DATA_PATH|BANC_REGISTRE:Inst_BANC_REG|Banc[9][23]   ; Stuck at GND due to stuck port clock_enable ;
; DataPath:Inst_DATA_PATH|BANC_REGISTRE:Inst_BANC_REG|Banc[10][23]  ; Stuck at GND due to stuck port clock_enable ;
; DataPath:Inst_DATA_PATH|BANC_REGISTRE:Inst_BANC_REG|Banc[11][23]  ; Stuck at GND due to stuck port clock_enable ;
; DataPath:Inst_DATA_PATH|BANC_REGISTRE:Inst_BANC_REG|Banc[4][24]   ; Stuck at GND due to stuck port clock_enable ;
; DataPath:Inst_DATA_PATH|BANC_REGISTRE:Inst_BANC_REG|Banc[5][24]   ; Stuck at GND due to stuck port clock_enable ;
; DataPath:Inst_DATA_PATH|BANC_REGISTRE:Inst_BANC_REG|Banc[6][24]   ; Stuck at GND due to stuck port clock_enable ;
; DataPath:Inst_DATA_PATH|BANC_REGISTRE:Inst_BANC_REG|Banc[7][24]   ; Stuck at GND due to stuck port clock_enable ;
; DataPath:Inst_DATA_PATH|BANC_REGISTRE:Inst_BANC_REG|Banc[8][24]   ; Stuck at GND due to stuck port clock_enable ;
; DataPath:Inst_DATA_PATH|BANC_REGISTRE:Inst_BANC_REG|Banc[9][24]   ; Stuck at GND due to stuck port clock_enable ;
; DataPath:Inst_DATA_PATH|BANC_REGISTRE:Inst_BANC_REG|Banc[10][24]  ; Stuck at GND due to stuck port clock_enable ;
; DataPath:Inst_DATA_PATH|BANC_REGISTRE:Inst_BANC_REG|Banc[11][24]  ; Stuck at GND due to stuck port clock_enable ;
; DataPath:Inst_DATA_PATH|BANC_REGISTRE:Inst_BANC_REG|Banc[4][25]   ; Stuck at GND due to stuck port clock_enable ;
; DataPath:Inst_DATA_PATH|BANC_REGISTRE:Inst_BANC_REG|Banc[5][25]   ; Stuck at GND due to stuck port clock_enable ;
; DataPath:Inst_DATA_PATH|BANC_REGISTRE:Inst_BANC_REG|Banc[6][25]   ; Stuck at GND due to stuck port clock_enable ;
; DataPath:Inst_DATA_PATH|BANC_REGISTRE:Inst_BANC_REG|Banc[7][25]   ; Stuck at GND due to stuck port clock_enable ;
; DataPath:Inst_DATA_PATH|BANC_REGISTRE:Inst_BANC_REG|Banc[8][25]   ; Stuck at GND due to stuck port clock_enable ;
; DataPath:Inst_DATA_PATH|BANC_REGISTRE:Inst_BANC_REG|Banc[9][25]   ; Stuck at GND due to stuck port clock_enable ;
; DataPath:Inst_DATA_PATH|BANC_REGISTRE:Inst_BANC_REG|Banc[10][25]  ; Stuck at GND due to stuck port clock_enable ;
; DataPath:Inst_DATA_PATH|BANC_REGISTRE:Inst_BANC_REG|Banc[11][25]  ; Stuck at GND due to stuck port clock_enable ;
; DataPath:Inst_DATA_PATH|BANC_REGISTRE:Inst_BANC_REG|Banc[4][26]   ; Stuck at GND due to stuck port clock_enable ;
; DataPath:Inst_DATA_PATH|BANC_REGISTRE:Inst_BANC_REG|Banc[5][26]   ; Stuck at GND due to stuck port clock_enable ;
; DataPath:Inst_DATA_PATH|BANC_REGISTRE:Inst_BANC_REG|Banc[6][26]   ; Stuck at GND due to stuck port clock_enable ;
; DataPath:Inst_DATA_PATH|BANC_REGISTRE:Inst_BANC_REG|Banc[7][26]   ; Stuck at GND due to stuck port clock_enable ;
; DataPath:Inst_DATA_PATH|BANC_REGISTRE:Inst_BANC_REG|Banc[8][26]   ; Stuck at GND due to stuck port clock_enable ;
; DataPath:Inst_DATA_PATH|BANC_REGISTRE:Inst_BANC_REG|Banc[9][26]   ; Stuck at GND due to stuck port clock_enable ;
; DataPath:Inst_DATA_PATH|BANC_REGISTRE:Inst_BANC_REG|Banc[10][26]  ; Stuck at GND due to stuck port clock_enable ;
; DataPath:Inst_DATA_PATH|BANC_REGISTRE:Inst_BANC_REG|Banc[11][26]  ; Stuck at GND due to stuck port clock_enable ;
; DataPath:Inst_DATA_PATH|BANC_REGISTRE:Inst_BANC_REG|Banc[4][27]   ; Stuck at GND due to stuck port clock_enable ;
; DataPath:Inst_DATA_PATH|BANC_REGISTRE:Inst_BANC_REG|Banc[5][27]   ; Stuck at GND due to stuck port clock_enable ;
; DataPath:Inst_DATA_PATH|BANC_REGISTRE:Inst_BANC_REG|Banc[6][27]   ; Stuck at GND due to stuck port clock_enable ;
; DataPath:Inst_DATA_PATH|BANC_REGISTRE:Inst_BANC_REG|Banc[7][27]   ; Stuck at GND due to stuck port clock_enable ;
; DataPath:Inst_DATA_PATH|BANC_REGISTRE:Inst_BANC_REG|Banc[8][27]   ; Stuck at GND due to stuck port clock_enable ;
; DataPath:Inst_DATA_PATH|BANC_REGISTRE:Inst_BANC_REG|Banc[9][27]   ; Stuck at GND due to stuck port clock_enable ;
; DataPath:Inst_DATA_PATH|BANC_REGISTRE:Inst_BANC_REG|Banc[10][27]  ; Stuck at GND due to stuck port clock_enable ;
; DataPath:Inst_DATA_PATH|BANC_REGISTRE:Inst_BANC_REG|Banc[11][27]  ; Stuck at GND due to stuck port clock_enable ;
; DataPath:Inst_DATA_PATH|BANC_REGISTRE:Inst_BANC_REG|Banc[4][28]   ; Stuck at GND due to stuck port clock_enable ;
; DataPath:Inst_DATA_PATH|BANC_REGISTRE:Inst_BANC_REG|Banc[5][28]   ; Stuck at GND due to stuck port clock_enable ;
; DataPath:Inst_DATA_PATH|BANC_REGISTRE:Inst_BANC_REG|Banc[6][28]   ; Stuck at GND due to stuck port clock_enable ;
; DataPath:Inst_DATA_PATH|BANC_REGISTRE:Inst_BANC_REG|Banc[7][28]   ; Stuck at GND due to stuck port clock_enable ;
; DataPath:Inst_DATA_PATH|BANC_REGISTRE:Inst_BANC_REG|Banc[8][28]   ; Stuck at GND due to stuck port clock_enable ;
; DataPath:Inst_DATA_PATH|BANC_REGISTRE:Inst_BANC_REG|Banc[9][28]   ; Stuck at GND due to stuck port clock_enable ;
; DataPath:Inst_DATA_PATH|BANC_REGISTRE:Inst_BANC_REG|Banc[10][28]  ; Stuck at GND due to stuck port clock_enable ;
; DataPath:Inst_DATA_PATH|BANC_REGISTRE:Inst_BANC_REG|Banc[11][28]  ; Stuck at GND due to stuck port clock_enable ;
; DataPath:Inst_DATA_PATH|BANC_REGISTRE:Inst_BANC_REG|Banc[4][29]   ; Stuck at GND due to stuck port clock_enable ;
; DataPath:Inst_DATA_PATH|BANC_REGISTRE:Inst_BANC_REG|Banc[5][29]   ; Stuck at GND due to stuck port clock_enable ;
; DataPath:Inst_DATA_PATH|BANC_REGISTRE:Inst_BANC_REG|Banc[6][29]   ; Stuck at GND due to stuck port clock_enable ;
; DataPath:Inst_DATA_PATH|BANC_REGISTRE:Inst_BANC_REG|Banc[7][29]   ; Stuck at GND due to stuck port clock_enable ;
; DataPath:Inst_DATA_PATH|BANC_REGISTRE:Inst_BANC_REG|Banc[8][29]   ; Stuck at GND due to stuck port clock_enable ;
; DataPath:Inst_DATA_PATH|BANC_REGISTRE:Inst_BANC_REG|Banc[9][29]   ; Stuck at GND due to stuck port clock_enable ;
; DataPath:Inst_DATA_PATH|BANC_REGISTRE:Inst_BANC_REG|Banc[10][29]  ; Stuck at GND due to stuck port clock_enable ;
; DataPath:Inst_DATA_PATH|BANC_REGISTRE:Inst_BANC_REG|Banc[11][29]  ; Stuck at GND due to stuck port clock_enable ;
; DataPath:Inst_DATA_PATH|BANC_REGISTRE:Inst_BANC_REG|Banc[4][30]   ; Stuck at GND due to stuck port clock_enable ;
; DataPath:Inst_DATA_PATH|BANC_REGISTRE:Inst_BANC_REG|Banc[5][30]   ; Stuck at GND due to stuck port clock_enable ;
; DataPath:Inst_DATA_PATH|BANC_REGISTRE:Inst_BANC_REG|Banc[6][30]   ; Stuck at GND due to stuck port clock_enable ;
; DataPath:Inst_DATA_PATH|BANC_REGISTRE:Inst_BANC_REG|Banc[7][30]   ; Stuck at GND due to stuck port clock_enable ;
; DataPath:Inst_DATA_PATH|BANC_REGISTRE:Inst_BANC_REG|Banc[8][30]   ; Stuck at GND due to stuck port clock_enable ;
; DataPath:Inst_DATA_PATH|BANC_REGISTRE:Inst_BANC_REG|Banc[9][30]   ; Stuck at GND due to stuck port clock_enable ;
; DataPath:Inst_DATA_PATH|BANC_REGISTRE:Inst_BANC_REG|Banc[10][30]  ; Stuck at GND due to stuck port clock_enable ;
; DataPath:Inst_DATA_PATH|BANC_REGISTRE:Inst_BANC_REG|Banc[11][30]  ; Stuck at GND due to stuck port clock_enable ;
; DataPath:Inst_DATA_PATH|BANC_REGISTRE:Inst_BANC_REG|Banc[4][31]   ; Stuck at GND due to stuck port clock_enable ;
; DataPath:Inst_DATA_PATH|BANC_REGISTRE:Inst_BANC_REG|Banc[5][31]   ; Stuck at GND due to stuck port clock_enable ;
; DataPath:Inst_DATA_PATH|BANC_REGISTRE:Inst_BANC_REG|Banc[6][31]   ; Stuck at GND due to stuck port clock_enable ;
; DataPath:Inst_DATA_PATH|BANC_REGISTRE:Inst_BANC_REG|Banc[7][31]   ; Stuck at GND due to stuck port clock_enable ;
; DataPath:Inst_DATA_PATH|BANC_REGISTRE:Inst_BANC_REG|Banc[8][31]   ; Stuck at GND due to stuck port clock_enable ;
; DataPath:Inst_DATA_PATH|BANC_REGISTRE:Inst_BANC_REG|Banc[9][31]   ; Stuck at GND due to stuck port clock_enable ;
; DataPath:Inst_DATA_PATH|BANC_REGISTRE:Inst_BANC_REG|Banc[10][31]  ; Stuck at GND due to stuck port clock_enable ;
; DataPath:Inst_DATA_PATH|BANC_REGISTRE:Inst_BANC_REG|Banc[11][31]  ; Stuck at GND due to stuck port clock_enable ;
; UNIT_GESTION_INSTRUCTION:Inst_UNIT_GEST_INSTRUCTION|PC_reg[6..31] ; Lost fanout                                 ;
; Total Number of Removed Registers = 282                           ;                                             ;
+-------------------------------------------------------------------+---------------------------------------------+


+------------------------------------------------------+
; General Register Statistics                          ;
+----------------------------------------------+-------+
; Statistic                                    ; Value ;
+----------------------------------------------+-------+
; Total registers                              ; 2327  ;
; Number of registers using Synchronous Clear  ; 0     ;
; Number of registers using Synchronous Load   ; 7     ;
; Number of registers using Asynchronous Clear ; 2327  ;
; Number of registers using Asynchronous Load  ; 0     ;
; Number of registers using Clock Enable       ; 2320  ;
; Number of registers using Preset             ; 0     ;
+----------------------------------------------+-------+


+---------------------------------------------------------------------------+
; Inverted Register Statistics                                              ;
+-----------------------------------------------------------------+---------+
; Inverted Register                                               ; Fan out ;
+-----------------------------------------------------------------+---------+
; DataPath:Inst_DATA_PATH|BANC_REGISTRE:Inst_BANC_REG|Banc[15][4] ; 2       ;
; DataPath:Inst_DATA_PATH|BANC_REGISTRE:Inst_BANC_REG|Banc[15][5] ; 2       ;
; DataPath:Inst_DATA_PATH|DATA_MEMORY:Inst_MEM|MEM[26][0]         ; 1       ;
; DataPath:Inst_DATA_PATH|DATA_MEMORY:Inst_MEM|MEM[18][0]         ; 1       ;
; DataPath:Inst_DATA_PATH|DATA_MEMORY:Inst_MEM|MEM[20][0]         ; 1       ;
; DataPath:Inst_DATA_PATH|DATA_MEMORY:Inst_MEM|MEM[24][0]         ; 1       ;
; DataPath:Inst_DATA_PATH|DATA_MEMORY:Inst_MEM|MEM[16][0]         ; 1       ;
; DataPath:Inst_DATA_PATH|DATA_MEMORY:Inst_MEM|MEM[22][0]         ; 1       ;
; DataPath:Inst_DATA_PATH|DATA_MEMORY:Inst_MEM|MEM[21][1]         ; 1       ;
; DataPath:Inst_DATA_PATH|DATA_MEMORY:Inst_MEM|MEM[17][1]         ; 1       ;
; DataPath:Inst_DATA_PATH|DATA_MEMORY:Inst_MEM|MEM[22][1]         ; 1       ;
; DataPath:Inst_DATA_PATH|DATA_MEMORY:Inst_MEM|MEM[18][1]         ; 1       ;
; DataPath:Inst_DATA_PATH|DATA_MEMORY:Inst_MEM|MEM[16][1]         ; 1       ;
; DataPath:Inst_DATA_PATH|DATA_MEMORY:Inst_MEM|MEM[25][1]         ; 1       ;
; DataPath:Inst_DATA_PATH|DATA_MEMORY:Inst_MEM|MEM[26][1]         ; 1       ;
; DataPath:Inst_DATA_PATH|DATA_MEMORY:Inst_MEM|MEM[21][2]         ; 1       ;
; DataPath:Inst_DATA_PATH|DATA_MEMORY:Inst_MEM|MEM[22][2]         ; 1       ;
; DataPath:Inst_DATA_PATH|DATA_MEMORY:Inst_MEM|MEM[16][2]         ; 1       ;
; DataPath:Inst_DATA_PATH|DATA_MEMORY:Inst_MEM|MEM[20][2]         ; 1       ;
; DataPath:Inst_DATA_PATH|DATA_MEMORY:Inst_MEM|MEM[19][2]         ; 1       ;
; DataPath:Inst_DATA_PATH|DATA_MEMORY:Inst_MEM|MEM[26][3]         ; 1       ;
; DataPath:Inst_DATA_PATH|DATA_MEMORY:Inst_MEM|MEM[25][3]         ; 1       ;
; DataPath:Inst_DATA_PATH|DATA_MEMORY:Inst_MEM|MEM[24][3]         ; 1       ;
; DataPath:Inst_DATA_PATH|DATA_MEMORY:Inst_MEM|MEM[23][3]         ; 1       ;
; DataPath:Inst_DATA_PATH|DATA_MEMORY:Inst_MEM|MEM[16][3]         ; 1       ;
; DataPath:Inst_DATA_PATH|DATA_MEMORY:Inst_MEM|MEM[16][4]         ; 1       ;
; DataPath:Inst_DATA_PATH|DATA_MEMORY:Inst_MEM|MEM[16][5]         ; 1       ;
; DataPath:Inst_DATA_PATH|DATA_MEMORY:Inst_MEM|MEM[16][6]         ; 1       ;
; DataPath:Inst_DATA_PATH|DATA_MEMORY:Inst_MEM|MEM[16][7]         ; 1       ;
; Total number of inverted registers = 29                         ;         ;
+-----------------------------------------------------------------+---------+


+-------------------------------------------------------------------------------------------------------------------------------------------------------------------------------------------+
; Multiplexer Restructuring Statistics (Restructuring Performed)                                                                                                                            ;
+--------------------+-----------+---------------+----------------------+------------------------+------------+-----------------------------------------------------------------------------+
; Multiplexer Inputs ; Bus Width ; Baseline Area ; Area if Restructured ; Saving if Restructured ; Registered ; Example Multiplexer Output                                                  ;
+--------------------+-----------+---------------+----------------------+------------------------+------------+-----------------------------------------------------------------------------+
; 3:1                ; 2 bits    ; 4 LEs         ; 2 LEs                ; 2 LEs                  ; No         ; |proc_mono_cycle|DECODEUR:Inst_DECODEUR|instr_courante.STR                  ;
; 4:1                ; 7 bits    ; 14 LEs        ; 14 LEs               ; 0 LEs                  ; No         ; |proc_mono_cycle|DataPath:Inst_DATA_PATH|ALU:Inst_ALU|Mux0                  ;
; 4:1                ; 2 bits    ; 4 LEs         ; 2 LEs                ; 2 LEs                  ; No         ; |proc_mono_cycle|DECODEUR:Inst_DECODEUR|instr_courante.CMP                  ;
; 8:1                ; 32 bits   ; 160 LEs       ; 160 LEs              ; 0 LEs                  ; No         ; |proc_mono_cycle|DataPath:Inst_DATA_PATH|BANC_REGISTRE:Inst_BANC_REG|Mux20  ;
; 16:1               ; 32 bits   ; 320 LEs       ; 320 LEs              ; 0 LEs                  ; No         ; |proc_mono_cycle|DataPath:Inst_DATA_PATH|BANC_REGISTRE:Inst_BANC_REG|Mux37  ;
; 5:1                ; 2 bits    ; 6 LEs         ; 2 LEs                ; 4 LEs                  ; No         ; |proc_mono_cycle|DECODEUR:Inst_DECODEUR|instr_courante.ADDi                 ;
; 65:1               ; 7 bits    ; 301 LEs       ; 301 LEs              ; 0 LEs                  ; No         ; |proc_mono_cycle|DataPath:Inst_DATA_PATH|MUL_2_TO_1:Inst_MUL_2_TO_1_1|S[4]  ;
; 68:1               ; 25 bits   ; 1125 LEs      ; 1100 LEs             ; 25 LEs                 ; No         ; |proc_mono_cycle|DataPath:Inst_DATA_PATH|MUL_2_TO_1:Inst_MUL_2_TO_1_1|S[24] ;
+--------------------+-----------+---------------+----------------------+------------------------+------------+-----------------------------------------------------------------------------+


+--------------------------------------------------------------------------------------------------------------------------+
; Parameter Settings for User Entity Instance: UNIT_GESTION_INSTRUCTION:Inst_UNIT_GEST_INSTRUCTION|SIGN_EXTENSION:Inst_EXT ;
+----------------+-------+-------------------------------------------------------------------------------------------------+
; Parameter Name ; Value ; Type                                                                                            ;
+----------------+-------+-------------------------------------------------------------------------------------------------+
; n_bits_e       ; 24    ; Signed Integer                                                                                  ;
+----------------+-------+-------------------------------------------------------------------------------------------------+
Note: In order to hide this table in the UI and the text report file, please set the "Show Parameter Settings in Synthesis Report" option in "Analysis and Synthesis Settings -> More Settings" to "Off".


+------------------------------------------------------------------------------+
; Parameter Settings for User Entity Instance: MUL_2_TO_1:Inst_MUL_2_TO_1_REGB ;
+----------------+-------+-----------------------------------------------------+
; Parameter Name ; Value ; Type                                                ;
+----------------+-------+-----------------------------------------------------+
; n_bits         ; 4     ; Signed Integer                                      ;
+----------------+-------+-----------------------------------------------------+
Note: In order to hide this table in the UI and the text report file, please set the "Show Parameter Settings in Synthesis Report" option in "Analysis and Synthesis Settings -> More Settings" to "Off".


+---------------------------------------------------------------------------------------------------+
; Parameter Settings for User Entity Instance: DataPath:Inst_DATA_PATH|MUL_2_TO_1:Inst_MUL_2_TO_1_1 ;
+----------------+-------+--------------------------------------------------------------------------+
; Parameter Name ; Value ; Type                                                                     ;
+----------------+-------+--------------------------------------------------------------------------+
; n_bits         ; 32    ; Signed Integer                                                           ;
+----------------+-------+--------------------------------------------------------------------------+
Note: In order to hide this table in the UI and the text report file, please set the "Show Parameter Settings in Synthesis Report" option in "Analysis and Synthesis Settings -> More Settings" to "Off".


+---------------------------------------------------------------------------------------------------+
; Parameter Settings for User Entity Instance: DataPath:Inst_DATA_PATH|MUL_2_TO_1:Inst_MUL_2_TO_1_2 ;
+----------------+-------+--------------------------------------------------------------------------+
; Parameter Name ; Value ; Type                                                                     ;
+----------------+-------+--------------------------------------------------------------------------+
; n_bits         ; 32    ; Signed Integer                                                           ;
+----------------+-------+--------------------------------------------------------------------------+
Note: In order to hide this table in the UI and the text report file, please set the "Show Parameter Settings in Synthesis Report" option in "Analysis and Synthesis Settings -> More Settings" to "Off".


+----------------------------------------------------------------------------------------------+
; Parameter Settings for User Entity Instance: DataPath:Inst_DATA_PATH|SIGN_EXTENSION:Inst_EXT ;
+----------------+-------+---------------------------------------------------------------------+
; Parameter Name ; Value ; Type                                                                ;
+----------------+-------+---------------------------------------------------------------------+
; n_bits_e       ; 8     ; Signed Integer                                                      ;
+----------------+-------+---------------------------------------------------------------------+
Note: In order to hide this table in the UI and the text report file, please set the "Show Parameter Settings in Synthesis Report" option in "Analysis and Synthesis Settings -> More Settings" to "Off".


+------------------------------------------------------------------------------------------------------------------------------+
; Port Connectivity Checks: "DataPath:Inst_DATA_PATH"                                                                          ;
+--------------------+--------+----------+-------------------------------------------------------------------------------------+
; Port               ; Type   ; Severity ; Details                                                                             ;
+--------------------+--------+----------+-------------------------------------------------------------------------------------+
; regaff_out[31..16] ; Output ; Info     ; Connected to dangling logic. Logic that only feeds a dangling port will be removed. ;
+--------------------+--------+----------+-------------------------------------------------------------------------------------+


+----------------------------------------------------------------------------------------------------------------------------+
; Port Connectivity Checks: "DECODEUR:Inst_DECODEUR"                                                                         ;
+------------------+--------+----------+-------------------------------------------------------------------------------------+
; Port             ; Type   ; Severity ; Details                                                                             ;
+------------------+--------+----------+-------------------------------------------------------------------------------------+
; flags_nzcv[1..0] ; Input  ; Info     ; Stuck at GND                                                                        ;
; aluctrl[2]       ; Output ; Info     ; Connected to dangling logic. Logic that only feeds a dangling port will be removed. ;
; wrsrc            ; Output ; Info     ; Connected to dangling logic. Logic that only feeds a dangling port will be removed. ;
+------------------+--------+----------+-------------------------------------------------------------------------------------+


+-----------------------------------------------------+
; Post-Synthesis Netlist Statistics for Top Partition ;
+-----------------------+-----------------------------+
; Type                  ; Count                       ;
+-----------------------+-----------------------------+
; boundary_port         ; 31                          ;
; cycloneiii_ff         ; 2327                        ;
;     CLR SLD           ; 7                           ;
;     ENA CLR           ; 2320                        ;
; cycloneiii_lcell_comb ; 2081                        ;
;     arith             ; 37                          ;
;         3 data inputs ; 37                          ;
;     normal            ; 2044                        ;
;         0 data inputs ; 1                           ;
;         1 data inputs ; 33                          ;
;         2 data inputs ; 44                          ;
;         3 data inputs ; 82                          ;
;         4 data inputs ; 1884                        ;
;                       ;                             ;
; Max LUT depth         ; 17.50                       ;
; Average LUT depth     ; 10.08                       ;
+-----------------------+-----------------------------+


+-------------------------------+
; Elapsed Time Per Partition    ;
+----------------+--------------+
; Partition Name ; Elapsed Time ;
+----------------+--------------+
; Top            ; 00:00:14     ;
+----------------+--------------+


+-------------------------------+
; Analysis & Synthesis Messages ;
+-------------------------------+
Info: *******************************************************************
Info: Running Quartus Prime Analysis & Synthesis
    Info: Version 18.1.0 Build 625 09/12/2018 SJ Lite Edition
    Info: Processing started: Sun Jun 14 20:22:44 2026
Info: Command: quartus_map --read_settings_files=on --write_settings_files=off mono_multi_cycle -c mono_multi_cycle
Warning (18236): Number of processors has not been specified which may cause overloading on shared machines.  Set the global assignment NUM_PARALLEL_PROCESSORS in your QSF to an appropriate value for best performance.
Info (20030): Parallel compilation is enabled and will use 12 of the 12 processors detected
Info (12021): Found 2 design units, including 1 entities, in source file /mon drive/2025-2026_polytech_sorbonne/s6/ue-electronique/vhdl_comportemental/projet_mono_multi_cycle/src/unit_gestion_instruction.vhd
    Info (12022): Found design unit 1: UNIT_GESTION_INSTRUCTION-RTL File: H:/Mon Drive/2025-2026_polytech_sorbonne/S6/UE-Electronique/VHDL_Comportemental/Projet_mono_multi_cycle/src/unit_gestion_instruction.vhd Line: 15
    Info (12023): Found entity 1: UNIT_GESTION_INSTRUCTION File: H:/Mon Drive/2025-2026_polytech_sorbonne/S6/UE-Electronique/VHDL_Comportemental/Projet_mono_multi_cycle/src/unit_gestion_instruction.vhd Line: 5
Info (12021): Found 2 design units, including 1 entities, in source file /mon drive/2025-2026_polytech_sorbonne/s6/ue-electronique/vhdl_comportemental/projet_mono_multi_cycle/src/sign_extension.vhd
    Info (12022): Found design unit 1: SIGN_EXTENSION-Behavioral File: H:/Mon Drive/2025-2026_polytech_sorbonne/S6/UE-Electronique/VHDL_Comportemental/Projet_mono_multi_cycle/src/sign_extension.vhd Line: 16
    Info (12023): Found entity 1: SIGN_EXTENSION File: H:/Mon Drive/2025-2026_polytech_sorbonne/S6/UE-Electronique/VHDL_Comportemental/Projet_mono_multi_cycle/src/sign_extension.vhd Line: 5
Info (12021): Found 2 design units, including 1 entities, in source file /mon drive/2025-2026_polytech_sorbonne/s6/ue-electronique/vhdl_comportemental/projet_mono_multi_cycle/src/seven_seg.vhd
    Info (12022): Found design unit 1: SEVEN_SEG-COMB File: H:/Mon Drive/2025-2026_polytech_sorbonne/S6/UE-Electronique/VHDL_Comportemental/Projet_mono_multi_cycle/src/SEVEN_SEG.vhd Line: 39
    Info (12023): Found entity 1: SEVEN_SEG File: H:/Mon Drive/2025-2026_polytech_sorbonne/S6/UE-Electronique/VHDL_Comportemental/Projet_mono_multi_cycle/src/SEVEN_SEG.vhd Line: 31
Info (12021): Found 2 design units, including 1 entities, in source file /mon drive/2025-2026_polytech_sorbonne/s6/ue-electronique/vhdl_comportemental/projet_mono_multi_cycle/src/proc_mono_cycle.vhd
    Info (12022): Found design unit 1: proc_mono_cycle-rtl File: H:/Mon Drive/2025-2026_polytech_sorbonne/S6/UE-Electronique/VHDL_Comportemental/Projet_mono_multi_cycle/src/proc_mono_cycle.vhd Line: 17
    Info (12023): Found entity 1: proc_mono_cycle File: H:/Mon Drive/2025-2026_polytech_sorbonne/S6/UE-Electronique/VHDL_Comportemental/Projet_mono_multi_cycle/src/proc_mono_cycle.vhd Line: 5
Info (12021): Found 2 design units, including 1 entities, in source file /mon drive/2025-2026_polytech_sorbonne/s6/ue-electronique/vhdl_comportemental/projet_mono_multi_cycle/src/mul_2_to_1.vhd
    Info (12022): Found design unit 1: MUL_2_TO_1-Behavioral File: H:/Mon Drive/2025-2026_polytech_sorbonne/S6/UE-Electronique/VHDL_Comportemental/Projet_mono_multi_cycle/src/mul_2_to_1.vhd Line: 17
    Info (12023): Found entity 1: MUL_2_TO_1 File: H:/Mon Drive/2025-2026_polytech_sorbonne/S6/UE-Electronique/VHDL_Comportemental/Projet_mono_multi_cycle/src/mul_2_to_1.vhd Line: 5
Info (12021): Found 2 design units, including 1 entities, in source file /mon drive/2025-2026_polytech_sorbonne/s6/ue-electronique/vhdl_comportemental/projet_mono_multi_cycle/src/memory_data.vhd
    Info (12022): Found design unit 1: DATA_MEMORY-Behavioral File: H:/Mon Drive/2025-2026_polytech_sorbonne/S6/UE-Electronique/VHDL_Comportemental/Projet_mono_multi_cycle/src/memory_data.vhd Line: 17
    Info (12023): Found entity 1: DATA_MEMORY File: H:/Mon Drive/2025-2026_polytech_sorbonne/S6/UE-Electronique/VHDL_Comportemental/Projet_mono_multi_cycle/src/memory_data.vhd Line: 5
Info (12021): Found 2 design units, including 1 entities, in source file /mon drive/2025-2026_polytech_sorbonne/s6/ue-electronique/vhdl_comportemental/projet_mono_multi_cycle/src/instruction_memory.vhd
    Info (12022): Found design unit 1: instruction_memory-RTL File: H:/Mon Drive/2025-2026_polytech_sorbonne/S6/UE-Electronique/VHDL_Comportemental/Projet_mono_multi_cycle/src/instruction_memory.vhd Line: 11
    Info (12023): Found entity 1: instruction_memory File: H:/Mon Drive/2025-2026_polytech_sorbonne/S6/UE-Electronique/VHDL_Comportemental/Projet_mono_multi_cycle/src/instruction_memory.vhd Line: 4
Info (12021): Found 2 design units, including 1 entities, in source file /mon drive/2025-2026_polytech_sorbonne/s6/ue-electronique/vhdl_comportemental/projet_mono_multi_cycle/src/decodeur.vhd
    Info (12022): Found design unit 1: DECODEUR-RTL File: H:/Mon Drive/2025-2026_polytech_sorbonne/S6/UE-Electronique/VHDL_Comportemental/Projet_mono_multi_cycle/src/decodeur.vhd Line: 22
    Info (12023): Found entity 1: DECODEUR File: H:/Mon Drive/2025-2026_polytech_sorbonne/S6/UE-Electronique/VHDL_Comportemental/Projet_mono_multi_cycle/src/decodeur.vhd Line: 5
Info (12021): Found 2 design units, including 1 entities, in source file /mon drive/2025-2026_polytech_sorbonne/s6/ue-electronique/vhdl_comportemental/projet_mono_multi_cycle/src/datapath.vhd
    Info (12022): Found design unit 1: DataPath-Structural File: H:/Mon Drive/2025-2026_polytech_sorbonne/S6/UE-Electronique/VHDL_Comportemental/Projet_mono_multi_cycle/src/datapath.vhd Line: 27
    Info (12023): Found entity 1: DataPath File: H:/Mon Drive/2025-2026_polytech_sorbonne/S6/UE-Electronique/VHDL_Comportemental/Projet_mono_multi_cycle/src/datapath.vhd Line: 5
Info (12021): Found 2 design units, including 1 entities, in source file /mon drive/2025-2026_polytech_sorbonne/s6/ue-electronique/vhdl_comportemental/projet_mono_multi_cycle/src/banc_registre.vhd
    Info (12022): Found design unit 1: BANC_REGISTRE-Behavioral File: H:/Mon Drive/2025-2026_polytech_sorbonne/S6/UE-Electronique/VHDL_Comportemental/Projet_mono_multi_cycle/src/banc_registre.vhd Line: 19
    Info (12023): Found entity 1: BANC_REGISTRE File: H:/Mon Drive/2025-2026_polytech_sorbonne/S6/UE-Electronique/VHDL_Comportemental/Projet_mono_multi_cycle/src/banc_registre.vhd Line: 5
Info (12021): Found 2 design units, including 1 entities, in source file /mon drive/2025-2026_polytech_sorbonne/s6/ue-electronique/vhdl_comportemental/projet_mono_multi_cycle/src/alu.vhd
    Info (12022): Found design unit 1: ALU-Behavioral File: H:/Mon Drive/2025-2026_polytech_sorbonne/S6/UE-Electronique/VHDL_Comportemental/Projet_mono_multi_cycle/src/alu.vhd Line: 16
    Info (12023): Found entity 1: ALU File: H:/Mon Drive/2025-2026_polytech_sorbonne/S6/UE-Electronique/VHDL_Comportemental/Projet_mono_multi_cycle/src/alu.vhd Line: 5
Info (12127): Elaborating entity "proc_mono_cycle" for the top level hierarchy
Warning (10036): Verilog HDL or VHDL warning at proc_mono_cycle.vhd(39): object "s_WrSrc" assigned a value but never read File: H:/Mon Drive/2025-2026_polytech_sorbonne/S6/UE-Electronique/VHDL_Comportemental/Projet_mono_multi_cycle/src/proc_mono_cycle.vhd Line: 39
Info (12128): Elaborating entity "UNIT_GESTION_INSTRUCTION" for hierarchy "UNIT_GESTION_INSTRUCTION:Inst_UNIT_GEST_INSTRUCTION" File: H:/Mon Drive/2025-2026_polytech_sorbonne/S6/UE-Electronique/VHDL_Comportemental/Projet_mono_multi_cycle/src/proc_mono_cycle.vhd Line: 58
Info (12128): Elaborating entity "instruction_memory" for hierarchy "UNIT_GESTION_INSTRUCTION:Inst_UNIT_GEST_INSTRUCTION|instruction_memory:Inst_INSTRUCTION_MEMORY" File: H:/Mon Drive/2025-2026_polytech_sorbonne/S6/UE-Electronique/VHDL_Comportemental/Projet_mono_multi_cycle/src/unit_gestion_instruction.vhd Line: 22
Info (12128): Elaborating entity "SIGN_EXTENSION" for hierarchy "UNIT_GESTION_INSTRUCTION:Inst_UNIT_GEST_INSTRUCTION|SIGN_EXTENSION:Inst_EXT" File: H:/Mon Drive/2025-2026_polytech_sorbonne/S6/UE-Electronique/VHDL_Comportemental/Projet_mono_multi_cycle/src/unit_gestion_instruction.vhd Line: 29
Info (12128): Elaborating entity "DECODEUR" for hierarchy "DECODEUR:Inst_DECODEUR" File: H:/Mon Drive/2025-2026_polytech_sorbonne/S6/UE-Electronique/VHDL_Comportemental/Projet_mono_multi_cycle/src/proc_mono_cycle.vhd Line: 67
Info (12128): Elaborating entity "MUL_2_TO_1" for hierarchy "MUL_2_TO_1:Inst_MUL_2_TO_1_REGB" File: H:/Mon Drive/2025-2026_polytech_sorbonne/S6/UE-Electronique/VHDL_Comportemental/Projet_mono_multi_cycle/src/proc_mono_cycle.vhd Line: 83
Info (12128): Elaborating entity "DataPath" for hierarchy "DataPath:Inst_DATA_PATH" File: H:/Mon Drive/2025-2026_polytech_sorbonne/S6/UE-Electronique/VHDL_Comportemental/Projet_mono_multi_cycle/src/proc_mono_cycle.vhd Line: 94
Info (12128): Elaborating entity "BANC_REGISTRE" for hierarchy "DataPath:Inst_DATA_PATH|BANC_REGISTRE:Inst_BANC_REG" File: H:/Mon Drive/2025-2026_polytech_sorbonne/S6/UE-Electronique/VHDL_Comportemental/Projet_mono_multi_cycle/src/datapath.vhd Line: 46
Info (12128): Elaborating entity "ALU" for hierarchy "DataPath:Inst_DATA_PATH|ALU:Inst_ALU" File: H:/Mon Drive/2025-2026_polytech_sorbonne/S6/UE-Electronique/VHDL_Comportemental/Projet_mono_multi_cycle/src/datapath.vhd Line: 60
Info (12128): Elaborating entity "MUL_2_TO_1" for hierarchy "DataPath:Inst_DATA_PATH|MUL_2_TO_1:Inst_MUL_2_TO_1_1" File: H:/Mon Drive/2025-2026_polytech_sorbonne/S6/UE-Electronique/VHDL_Comportemental/Projet_mono_multi_cycle/src/datapath.vhd Line: 71
Info (12128): Elaborating entity "DATA_MEMORY" for hierarchy "DataPath:Inst_DATA_PATH|DATA_MEMORY:Inst_MEM" File: H:/Mon Drive/2025-2026_polytech_sorbonne/S6/UE-Electronique/VHDL_Comportemental/Projet_mono_multi_cycle/src/datapath.vhd Line: 87
Warning (10492): VHDL Process Statement warning at memory_data.vhd(42): signal "Reset" is read inside the Process Statement but isn't in the Process Statement's sensitivity list File: H:/Mon Drive/2025-2026_polytech_sorbonne/S6/UE-Electronique/VHDL_Comportemental/Projet_mono_multi_cycle/src/memory_data.vhd Line: 42
Info (12128): Elaborating entity "SIGN_EXTENSION" for hierarchy "DataPath:Inst_DATA_PATH|SIGN_EXTENSION:Inst_EXT" File: H:/Mon Drive/2025-2026_polytech_sorbonne/S6/UE-Electronique/VHDL_Comportemental/Projet_mono_multi_cycle/src/datapath.vhd Line: 98
Info (12128): Elaborating entity "SEVEN_SEG" for hierarchy "SEVEN_SEG:Inst_HEX0" File: H:/Mon Drive/2025-2026_polytech_sorbonne/S6/UE-Electronique/VHDL_Comportemental/Projet_mono_multi_cycle/src/proc_mono_cycle.vhd Line: 126
Info (276014): Found 1 instances of uninferred RAM logic
    Info (276013): RAM logic "UNIT_GESTION_INSTRUCTION:Inst_UNIT_GEST_INSTRUCTION|instruction_memory:Inst_INSTRUCTION_MEMORY|mem" is uninferred because MIF is not supported for the selected family File: H:/Mon Drive/2025-2026_polytech_sorbonne/S6/UE-Electronique/VHDL_Comportemental/Projet_mono_multi_cycle/src/instruction_memory.vhd Line: 40
Info (13000): Registers with preset signals will power-up high File: H:/Mon Drive/2025-2026_polytech_sorbonne/S6/UE-Electronique/VHDL_Comportemental/Projet_mono_multi_cycle/src/banc_registre.vhd Line: 49
Info (13003): DEV_CLRn pin will set, and not reset, register with preset signal due to NOT Gate Push-Back
Info (286030): Timing-Driven Synthesis is running
Info (17049): 26 registers lost all their fanouts during netlist optimizations.
Info (16010): Generating hard_block partition "hard_block:auto_generated_inst"
    Info (16011): Adding 0 node(s), including 0 DDIO, 0 PLL, 0 transceiver and 0 LCELL
Info (21057): Implemented 4399 device resources after synthesis - the final resource count might be different
    Info (21058): Implemented 3 input pins
    Info (21059): Implemented 28 output pins
    Info (21061): Implemented 4368 logic cells
Info: Quartus Prime Analysis & Synthesis was successful. 0 errors, 3 warnings
    Info: Peak virtual memory: 4864 megabytes
    Info: Processing ended: Sun Jun 14 20:23:28 2026
    Info: Elapsed time: 00:00:44
    Info: Total CPU time (on all processors): 00:00:56


